Archive member included to satisfy reference by file (symbol)

C:/msys64/ucrt64/bin/../lib/gcc/avr/15.2.0/../../../../avr/lib/avr5\libc.a(ftostrf.o)
                              build/machines/avr/arduino/cores/arduino/WString.cpp.o (dtostrf)
C:/msys64/ucrt64/bin/../lib/gcc/avr/15.2.0/../../../../avr/lib/avr5\libc.a(malloc.o)
                              build/machines/avr/arduino/cores/arduino/new.cpp.o (malloc)
C:/msys64/ucrt64/bin/../lib/gcc/avr/15.2.0/../../../../avr/lib/avr5\libc.a(random.o)
                              build/machines/avr/arduino/cores/arduino/WMath.cpp.o (random)
C:/msys64/ucrt64/bin/../lib/gcc/avr/15.2.0/../../../../avr/lib/avr5\libc.a(realloc.o)
                              build/machines/avr/arduino/cores/arduino/WString.cpp.o (realloc)
C:/msys64/ucrt64/bin/../lib/gcc/avr/15.2.0/../../../../avr/lib/avr5\libc.a(abort.o)
                              build/machines/avr/arduino/cores/arduino/abi.cpp.o (abort)
C:/msys64/ucrt64/bin/../lib/gcc/avr/15.2.0/../../../../avr/lib/avr5\libc.a(atoff.o)
                              build/machines/avr/arduino/cores/arduino/WString.cpp.o (atof)
C:/msys64/ucrt64/bin/../lib/gcc/avr/15.2.0/../../../../avr/lib/avr5\libc.a(atol.o)
                              build/machines/avr/arduino/cores/arduino/WString.cpp.o (atol)
C:/msys64/ucrt64/bin/../lib/gcc/avr/15.2.0/../../../../avr/lib/avr5\libc.a(isspace.o)
                              build/machines/avr/arduino/cores/arduino/WString.cpp.o (isspace)
C:/msys64/ucrt64/bin/../lib/gcc/avr/15.2.0/../../../../avr/lib/avr5\libc.a(tolower.o)
                              build/machines/avr/arduino/cores/arduino/WString.cpp.o (tolower)
C:/msys64/ucrt64/bin/../lib/gcc/avr/15.2.0/../../../../avr/lib/avr5\libc.a(toupper.o)
                              build/machines/avr/arduino/cores/arduino/WString.cpp.o (toupper)
C:/msys64/ucrt64/bin/../lib/gcc/avr/15.2.0/../../../../avr/lib/avr5\libc.a(_strcpy_P.o)
                              build/machines/avr/arduino/cores/arduino/WString.cpp.o (__strcpy_P)
C:/msys64/ucrt64/bin/../lib/gcc/avr/15.2.0/../../../../avr/lib/avr5\libc.a(strlen_P.o)
                              build/machines/avr/arduino/cores/arduino/WString.cpp.o (strlen_P)
C:/msys64/ucrt64/bin/../lib/gcc/avr/15.2.0/../../../../avr/lib/avr5\libc.a(memcpy.o)
                              build/machines/avr/arduino/cores/arduino/WString.cpp.o (memcpy)
C:/msys64/ucrt64/bin/../lib/gcc/avr/15.2.0/../../../../avr/lib/avr5\libc.a(memmove.o)
                              build/machines/avr/arduino/cores/arduino/WString.cpp.o (memmove)
C:/msys64/ucrt64/bin/../lib/gcc/avr/15.2.0/../../../../avr/lib/avr5\libc.a(strchr.o)
                              build/machines/avr/arduino/cores/arduino/WString.cpp.o (strchr)
C:/msys64/ucrt64/bin/../lib/gcc/avr/15.2.0/../../../../avr/lib/avr5\libc.a(_strcmp.o)
                              build/machines/avr/arduino/cores/arduino/WString.cpp.o (__strcmp)
C:/msys64/ucrt64/bin/../lib/gcc/avr/15.2.0/../../../../avr/lib/avr5\libc.a(_strcpy.o)
                              build/machines/avr/arduino/cores/arduino/WString.cpp.o (__strcpy)
C:/msys64/ucrt64/bin/../lib/gcc/avr/15.2.0/../../../../avr/lib/avr5\libc.a(strlen.o)
                              build/machines/avr/arduino/cores/arduino/WString.cpp.o (strlen)
C:/msys64/ucrt64/bin/../lib/gcc/avr/15.2.0/../../../../avr/lib/avr5\libc.a(strncmp.o)
                              build/machines/avr/arduino/cores/arduino/WString.cpp.o (strncmp)
C:/msys64/ucrt64/bin/../lib/gcc/avr/15.2.0/../../../../avr/lib/avr5\libc.a(strncpy.o)
                              build/machines/avr/arduino/cores/arduino/WString.cpp.o (strncpy)
C:/msys64/ucrt64/bin/../lib/gcc/avr/15.2.0/../../../../avr/lib/avr5\libc.a(strrchr.o)
                              build/machines/avr/arduino/cores/arduino/WString.cpp.o (strrchr)
C:/msys64/ucrt64/bin/../lib/gcc/avr/15.2.0/../../../../avr/lib/avr5\libc.a(strstr.o)
                              build/machines/avr/arduino/cores/arduino/WString.cpp.o (strstr)
C:/msys64/ucrt64/bin/../lib/gcc/avr/15.2.0/../../../../avr/lib/avr5\libc.a(itoa.o)
                              build/machines/avr/arduino/cores/arduino/WString.cpp.o (__itoa)
C:/msys64/ucrt64/bin/../lib/gcc/avr/15.2.0/../../../../avr/lib/avr5\libc.a(itoa_ncheck.o)
                              build/machines/avr/arduino/cores/arduino/WString.cpp.o (__itoa_ncheck)
C:/msys64/ucrt64/bin/../lib/gcc/avr/15.2.0/../../../../avr/lib/avr5\libc.a(ltoa.o)
                              build/machines/avr/arduino/cores/arduino/WString.cpp.o (__ltoa)
C:/msys64/ucrt64/bin/../lib/gcc/avr/15.2.0/../../../../avr/lib/avr5\libc.a(ltoa_ncheck.o)
                              build/machines/avr/arduino/cores/arduino/WString.cpp.o (__ltoa_ncheck)
C:/msys64/ucrt64/bin/../lib/gcc/avr/15.2.0/../../../../avr/lib/avr5\libc.a(mulsi10.o)
                              C:/msys64/ucrt64/bin/../lib/gcc/avr/15.2.0/../../../../avr/lib/avr5\libc.a(atol.o) (__mulsi_const_10)
[...]
Memory Configuration

Name             Origin             Length             Attributes
text             0x00000000         0x00008000         xr
data             0x00800100         0x00000800         rw!x
eeprom           0x00810000         0x00000400         rw!x
fuse             0x00820000         0x00000003         rw!x
lock             0x00830000         0x00000400         rw!x
signature        0x00840000         0x00000400         rw!x
user_signatures  0x00850000         0x00000400         rw!x
*default*        0x00000000         0xffffffff

Linker script and memory map

Address of section .data set to 0x800100
LOAD C:/msys64/ucrt64/bin/../lib/gcc/avr/15.2.0/../../../../avr/lib/avr5/crtatmega328p.o
LOAD C:/msys64/ucrt64/bin/../lib/gcc/avr/15.2.0/../../../../avr/lib/avr5\libm.a
LOAD build/os/tpl_os_kernel.c.o
LOAD build/os/tpl_os_timeobj_kernel.c.o
LOAD build/os/tpl_os_action.c.o
LOAD build/os/tpl_os_error.c.o
LOAD build/os/tpl_os_os_kernel.c.o
LOAD build/os/tpl_os_os.c.o
LOAD build/os/tpl_os_interrupt_kernel.c.o
LOAD build/os/tpl_os_task_kernel.c.o
LOAD build/os/tpl_os_resource_kernel.c.o
LOAD build/os/tpl_os_alarm_kernel.c.o
LOAD build/bsw.cpp.o
LOAD build/asw.c.o
LOAD build/conf/tpl_app_config.c.o
LOAD build/conf/tpl_dispatch_table.c.o
LOAD build/conf/tpl_invoque.S.o
LOAD build/conf/tpl_interrupts.c.o
LOAD build/machines/avr/arduino/cores/arduino/wiring_digital.c.o
LOAD build/machines/avr/arduino/cores/arduino/wiring.c.o
LOAD build/machines/avr/arduino/cores/arduino/hooks.c.o
LOAD build/machines/avr/arduino/cores/arduino/wiring_analog.c.o
LOAD build/machines/avr/tpl_machine.c.o
LOAD build/machines/avr/arduino/cores/arduino/main.cpp.o
LOAD build/machines/avr/arduino/cores/arduino/WMath.cpp.o
LOAD build/machines/avr/arduino/cores/arduino/WString.cpp.o
LOAD build/machines/avr/arduino/cores/arduino/WInterrupts.c.o
LOAD build/machines/avr/arduino/cores/arduino/abi.cpp.o
LOAD build/machines/avr/arduino/cores/arduino/new.cpp.o
LOAD build/machines/avr/arduino//tpl_trace.cpp.o
LOAD build/machines/avr/arduino/cores/arduino/Print.cpp.o
LOAD build/machines/avr/arduino/cores/arduino/Stream.cpp.o
LOAD build/machines/avr/arduino/cores/arduino/HardwareSerial0.cpp.o
LOAD build/machines/avr/arduino/cores/arduino/HardwareSerial1.cpp.o
LOAD build/machines/avr/arduino/cores/arduino/HardwareSerial2.cpp.o
LOAD build/machines/avr/arduino/cores/arduino/HardwareSerial3.cpp.o
LOAD build/machines/avr/arduino/cores/arduino/HardwareSerial.cpp.o
LOAD build/machines/avr/avr_switch_context.s.o
LOAD build/machines/avr/tpl_dispatch.S.o
LOAD C:/msys64/ucrt64/bin/../lib/gcc/avr/15.2.0/../../../../avr/lib/avr5\libc.a
LOAD C:/msys64/ucrt64/bin/../lib/gcc/avr/15.2.0/avr5\libgcc.a
START GROUP
LOAD C:/msys64/ucrt64/bin/../lib/gcc/avr/15.2.0/avr5\libgcc.a
LOAD C:/msys64/ucrt64/bin/../lib/gcc/avr/15.2.0/../../../../avr/lib/avr5\libm.a
LOAD C:/msys64/ucrt64/bin/../lib/gcc/avr/15.2.0/../../../../avr/lib/avr5\libc.a
LOAD C:/msys64/ucrt64/bin/../lib/gcc/avr/15.2.0/../../../../avr/lib/avr5\libatmega328p.a
END GROUP
                [0x00000000]                      __TEXT_REGION_ORIGIN__ = DEFINED (__TEXT_REGION_ORIGIN__)?__TEXT_REGION_ORIGIN__:0x0
                [0x00008000]                      __TEXT_REGION_LENGTH__ = DEFINED (__TEXT_REGION_LENGTH__)?__TEXT_REGION_LENGTH__:0x20000
                [0x00800100]                      __DATA_REGION_ORIGIN__ = DEFINED (__DATA_REGION_ORIGIN__)?__DATA_REGION_ORIGIN__:0x800060
                [0x00000800]                      __DATA_REGION_LENGTH__ = DEFINED (__DATA_REGION_LENGTH__)?__DATA_REGION_LENGTH__:0xffa0
                [0x00000400]                      __EEPROM_REGION_LENGTH__ = DEFINED (__EEPROM_REGION_LENGTH__)?__EEPROM_REGION_LENGTH__:0x10000
                [0x00000003]                      __FUSE_REGION_LENGTH__ = DEFINED (__FUSE_REGION_LENGTH__)?__FUSE_REGION_LENGTH__:0x400
                0x00000400                        __LOCK_REGION_LENGTH__ = DEFINED (__LOCK_REGION_LENGTH__)?__LOCK_REGION_LENGTH__:0x400
                0x00000400                        __SIGNATURE_REGION_LENGTH__ = DEFINED (__SIGNATURE_REGION_LENGTH__)?__SIGNATURE_REGION_LENGTH__:0x400
                0x00000400                        __USER_SIGNATURE_REGION_LENGTH__ = DEFINED (__USER_SIGNATURE_REGION_LENGTH__)?__USER_SIGNATURE_REGION_LENGTH__:0x400

.hash
 *(.hash)

.dynsym
 *(.dynsym)

.dynstr
 *(.dynstr)

.gnu.version
 *(.gnu.version)

.gnu.version_d
 *(.gnu.version_d)

.gnu.version_r
 *(.gnu.version_r)

.rel.init
 *(.rel.init)

.rela.init
 *(.rela.init)

.rel.text
 *(.rel.text)
 *(.rel.text.*)
 *(.rel.gnu.linkonce.t*)

.rela.text
 *(.rela.text)
 *(.rela.text.*)
 *(.rela.gnu.linkonce.t*)

.rel.fini
 *(.rel.fini)

.rela.fini
 *(.rela.fini)

.rel.rodata
 *(.rel.rodata)
 *(.rel.rodata.*)
 *(.rel.gnu.linkonce.r*)

.rela.rodata
 *(.rela.rodata)
 *(.rela.rodata.*)
 *(.rela.gnu.linkonce.r*)

.rel.data
 *(.rel.data)
 *(.rel.data.*)
 *(.rel.gnu.linkonce.d*)

.rela.data
 *(.rela.data)
 *(.rela.data.*)
 *(.rela.gnu.linkonce.d*)

.rel.ctors
 *(.rel.ctors)

.rela.ctors
 *(.rela.ctors)

.rel.dtors
 *(.rel.dtors)

.rela.dtors
 *(.rela.dtors)

.rel.got
 *(.rel.got)

.rela.got
 *(.rela.got)

.rel.bss
 *(.rel.bss)

.rela.bss
 *(.rela.bss)

.rel.plt
 *(.rel.plt)

.rela.plt
 *(.rela.plt)

.text           0x00000000     0x25c0
 *(.vectors)
 .vectors       0x00000000       0x68 C:/msys64/ucrt64/bin/../lib/gcc/avr/15.2.0/../../../../avr/lib/avr5/crtatmega328p.o
                0x00000000                __vector_default
                0x00000000                __vectors
 *(.vectors)
                0x00000068                        __progmem_start = .
 *(.progmem)
 *(.progmem.*)
 .progmem.data.digital_pin_to_bit_mask_PGM
                0x00000068       0x14 build/machines/avr/arduino/cores/arduino/wiring_digital.c.o
                0x00000068                digital_pin_to_bit_mask_PGM
 .progmem.data.digital_pin_to_port_PGM
                0x0000007c       0x14 build/machines/avr/arduino/cores/arduino/wiring_digital.c.o
                0x0000007c                digital_pin_to_port_PGM
 .progmem.data.port_to_output_PGM
                0x00000090        0xa build/machines/avr/arduino/cores/arduino/wiring_digital.c.o
                0x00000090                port_to_output_PGM
 .progmem.data.port_to_mode_PGM
                0x0000009a        0xa build/machines/avr/arduino/cores/arduino/wiring_digital.c.o
                0x0000009a                port_to_mode_PGM
                0x000000a4                        __progmem_end = .
                0x00000001                        ASSERT (((__progmem_start == __progmem_end) || (__progmem_end <= 0x10000)), .progmem section exceeds 0x10000)
                0x000000a4                        . = ALIGN (0x2)
                0x000000a4                        __trampolines_start = .
 *(.trampolines)
 .trampolines   0x000000a4        0x0 linker stubs
 *(.trampolines*)
                0x000000a4                        __trampolines_end = .
                0x000000a4                        . = ALIGN (0x2)
 *(.lowtext)
 *(.lowtext*)
                0x000000a4                        __ctors_start = .
 *(.ctors)
 .ctors         0x000000a4        0x2 build/machines/avr/arduino/cores/arduino/main.cpp.o
 .ctors         0x000000a6        0x2 build/machines/avr/arduino/cores/arduino/HardwareSerial0.cpp.o
                0x000000a8                        __ctors_end = .
                0x000000a8                        __dtors_start = .
 *(.dtors)
                0x000000a8                        __dtors_end = .
 SORT_BY_NAME(*)(.ctors)
 SORT_BY_NAME(*)(.dtors)
 *(.init0)
 .init0         0x000000a8        0x0 C:/msys64/ucrt64/bin/../lib/gcc/avr/15.2.0/../../../../avr/lib/avr5/crtatmega328p.o
                0x000000a8                __init
 *(.init0)
 *(.init1)
 *(.init1)
 *(.init2)
 .init2         0x000000a8        0x4 C:/msys64/ucrt64/bin/../lib/gcc/avr/15.2.0/../../../../avr/lib/avr5/crtatmega328p.o
 .init2         0x000000ac        0x8 C:/msys64/ucrt64/bin/../lib/gcc/avr/15.2.0/../../../../avr/lib/avr5\libatmega328p.a(init_sp.o)
                0x000000ac                __init_sp
 *(.init2)
 *(.init3)
 *(.init3)
 *(.init4)
 .init4         0x000000b4       0x16 C:/msys64/ucrt64/bin/../lib/gcc/avr/15.2.0/avr5\libgcc.a(_copy_data.o)
                0x000000b4                __do_copy_data
 .init4         0x000000ca       0x10 C:/msys64/ucrt64/bin/../lib/gcc/avr/15.2.0/avr5\libgcc.a(_clear_bss.o)
                0x000000ca                __do_clear_bss
 *(.init4)
 *(.init5)
 *(.init5)
 *(.init6)
 .init6         0x000000da       0x16 C:/msys64/ucrt64/bin/../lib/gcc/avr/15.2.0/avr5\libgcc.a(_ctors.o)
                0x000000da                __do_global_ctors
 *(.init6)
 *(.init7)
 *(.init7)
 *(.init8)
 *(.init8)
 *(.init9)
 .init9         0x000000f0        0x8 C:/msys64/ucrt64/bin/../lib/gcc/avr/15.2.0/../../../../avr/lib/avr5\libatmega328p.a(call_main.o)
                0x000000f0                __call_main
 *(.init9)
 *(.text)
 .text          0x000000f8        0x4 C:/msys64/ucrt64/bin/../lib/gcc/avr/15.2.0/../../../../avr/lib/avr5/crtatmega328p.o
                0x000000f8                __vector_22
                0x000000f8                __vector_24
                0x000000f8                __vector_12
                0x000000f8                __bad_interrupt
                0x000000f8                __vector_6
                0x000000f8                __vector_3
                0x000000f8                __vector_23
                0x000000f8                __vector_25
                0x000000f8                __vector_11
                0x000000f8                __vector_13
                0x000000f8                __vector_17
                0x000000f8                __vector_7
                0x000000f8                __vector_5
                0x000000f8                __vector_4
                0x000000f8                __vector_21
                0x000000f8                __vector_15
                0x000000f8                __vector_8
                0x000000f8                __vector_14
                0x000000f8                __vector_10
                0x000000f8                __vector_20
 .text          0x000000fc       0xc0 build/conf/tpl_invoque.S.o
                0x000000fc                GetActiveApplicationMode
                0x00000104                tpl_start_os
                0x0000010c                ShutdownOS
                0x00000114                EnableAllInterrupts
                0x0000011c                DisableAllInterrupts
                0x00000124                ResumeAllInterrupts
                0x0000012c                SuspendAllInterrupts
                0x00000134                ResumeOSInterrupts
                0x0000013c                SuspendOSInterrupts
                0x00000144                CallTerminateISR2
                0x0000014c                ActivateTask
                0x00000154                TerminateTask
                0x0000015c                ChainTask
                0x00000164                Schedule
                0x0000016c                GetTaskID
                0x00000174                GetTaskState
                0x0000017c                CallTerminateTask
                0x00000184                GetResource
                0x0000018c                ReleaseResource
                0x00000194                GetAlarmBase
                0x0000019c                GetAlarm
                0x000001a4                SetRelAlarm
                0x000001ac                SetAbsAlarm
                0x000001b4                CancelAlarm
 .text          0x000001bc       0x56 build/machines/avr/avr_switch_context.s.o
                0x000001bc                tpl_avr_save_context
                0x000001e8                tpl_avr_restore_context
 .text          0x00000212       0xda build/machines/avr/tpl_dispatch.S.o
                0x00000212                tpl_switch_to_kernel_stack
                0x00000228                tpl_switch_to_user_stack
                0x00000236                tpl_avr_counter_tick
                0x0000023e                tpl_avr_ISR2_handler
                0x00000246                tpl_sc_handler
                0x000002ec                        . = ALIGN (0x2)
 *(.text.*)
 .text.tpl_compare_entries
                0x000002ec       0x62 build/os/tpl_os_kernel.c.o
                0x000002ec                tpl_compare_entries
 .text.tpl_bubble_up
                0x0000034e       0x7a build/os/tpl_os_kernel.c.o
                0x0000034e                tpl_bubble_up
 .text.tpl_bubble_down
                0x000003c8       0xc6 build/os/tpl_os_kernel.c.o
                0x000003c8                tpl_bubble_down
 .text.tpl_put_new_proc
                0x0000048e       0x4c build/os/tpl_os_kernel.c.o
                0x0000048e                tpl_put_new_proc
 .text.tpl_put_preempted_proc
                0x000004da       0x3a build/os/tpl_os_kernel.c.o
                0x000004da                tpl_put_preempted_proc
 .text.tpl_remove_front_proc
                0x00000514       0x58 build/os/tpl_os_kernel.c.o
                0x00000514                tpl_remove_front_proc
 .text.tpl_current_os_state
                0x0000056c       0x38 build/os/tpl_os_kernel.c.o
                0x0000056c                tpl_current_os_state
 .text.tpl_get_internal_resource
                0x000005a4       0x56 build/os/tpl_os_kernel.c.o
                0x000005a4                tpl_get_internal_resource
 .text.tpl_release_internal_resource
                0x000005fa       0x3c build/os/tpl_os_kernel.c.o
                0x000005fa                tpl_release_internal_resource
 .text.tpl_preempt
                0x00000636       0x3c build/os/tpl_os_kernel.c.o
                0x00000636                tpl_preempt
 .text.tpl_run_elected
                0x00000672       0x7e build/os/tpl_os_kernel.c.o
                0x00000672                tpl_run_elected
 .text.tpl_terminate
                0x000006f0       0x1a build/os/tpl_os_kernel.c.o
                0x000006f0                tpl_terminate
 .text.tpl_activate_task
                0x0000070a       0x4a build/os/tpl_os_kernel.c.o
                0x0000070a                tpl_activate_task
 .text.tpl_init_proc
                0x00000754       0x18 build/os/tpl_os_kernel.c.o
                0x00000754                tpl_init_proc
 .text.tpl_start
                0x0000076c       0x7c build/os/tpl_os_kernel.c.o
                0x0000076c                tpl_start
 .text.tpl_schedule_from_running
                0x000007e8       0x34 build/os/tpl_os_kernel.c.o
                0x000007e8                tpl_schedule_from_running
 .text.tpl_start_scheduling
                0x0000081c        0xa build/os/tpl_os_kernel.c.o
                0x0000081c                tpl_start_scheduling
 .text.tpl_init_os
                0x00000826       0xcc build/os/tpl_os_kernel.c.o
                0x00000826                tpl_init_os
 .text.tpl_call_terminate_task_service
                0x000008f2       0x26 build/os/tpl_os_kernel.c.o
                0x000008f2                tpl_call_terminate_task_service
 .text.tpl_call_terminate_isr2_service
                0x00000918       0x26 build/os/tpl_os_kernel.c.o
                0x00000918                tpl_call_terminate_isr2_service
 .text.tpl_enable_counters
                0x0000093e        0x8 build/os/tpl_os_timeobj_kernel.c.o
                0x0000093e                tpl_enable_counters
 .text.tpl_insert_time_obj
                0x00000946       0xfa build/os/tpl_os_timeobj_kernel.c.o
                0x00000946                tpl_insert_time_obj
 .text.tpl_remove_time_obj
                0x00000a40       0x6c build/os/tpl_os_timeobj_kernel.c.o
                0x00000a40                tpl_remove_time_obj
 .text.tpl_counter_tick
                0x00000aac      0x17c build/os/tpl_os_timeobj_kernel.c.o
                0x00000aac                tpl_counter_tick
 .text.tpl_action_activate_task
                0x00000c28        0x8 build/os/tpl_os_action.c.o
                0x00000c28                tpl_action_activate_task
 .text.tpl_get_active_application_mode_service
                0x00000c30        0xa build/os/tpl_os_os_kernel.c.o
                0x00000c30                tpl_get_active_application_mode_service
 .text.tpl_start_os_service
                0x00000c3a       0x10 build/os/tpl_os_os_kernel.c.o
                0x00000c3a                tpl_start_os_service
 .text.tpl_shutdown_os_service
                0x00000c4a        0x4 build/os/tpl_os_os_kernel.c.o
                0x00000c4a                tpl_shutdown_os_service
 .text.StartOS  0x00000c4e       0x24 build/os/tpl_os_os.c.o
                0x00000c4e                StartOS
 .text.tpl_get_interrupt_lock_status
                0x00000c72       0x40 build/os/tpl_os_interrupt_kernel.c.o
                0x00000c72                tpl_get_interrupt_lock_status
 .text.tpl_reset_interrupt_lock_status
                0x00000cb2       0x46 build/os/tpl_os_interrupt_kernel.c.o
                0x00000cb2                tpl_reset_interrupt_lock_status
 .text.tpl_suspend_all_interrupts_service
                0x00000cf8       0x52 build/os/tpl_os_interrupt_kernel.c.o
                0x00000cf8                tpl_suspend_all_interrupts_service
 .text.tpl_resume_all_interrupts_service
                0x00000d4a       0x74 build/os/tpl_os_interrupt_kernel.c.o
                0x00000d4a                tpl_resume_all_interrupts_service
 .text.tpl_disable_all_interrupts_service
                0x00000dbe       0x3c build/os/tpl_os_interrupt_kernel.c.o
                0x00000dbe                tpl_disable_all_interrupts_service
 .text.tpl_enable_all_interrupts_service
                0x00000dfa       0x12 build/os/tpl_os_interrupt_kernel.c.o
                0x00000dfa                tpl_enable_all_interrupts_service
 .text.tpl_suspend_os_interrupts_service
                0x00000e0c       0x52 build/os/tpl_os_interrupt_kernel.c.o
                0x00000e0c                tpl_suspend_os_interrupts_service
 .text.tpl_resume_os_interrupts_service
                0x00000e5e       0x74 build/os/tpl_os_interrupt_kernel.c.o
                0x00000e5e                tpl_resume_os_interrupts_service
 .text.tpl_terminate_isr2_service
                0x00000ed2        0xa build/os/tpl_os_interrupt_kernel.c.o
                0x00000ed2                tpl_terminate_isr2_service
 .text.tpl_activate_task_service
                0x00000edc       0x2c build/os/tpl_os_task_kernel.c.o
                0x00000edc                tpl_activate_task_service
 .text.tpl_terminate_task_service
                0x00000f08       0x2e build/os/tpl_os_task_kernel.c.o
                0x00000f08                tpl_terminate_task_service
 .text.tpl_chain_task_service
                0x00000f36       0x52 build/os/tpl_os_task_kernel.c.o
                0x00000f36                tpl_chain_task_service
 .text.tpl_schedule_service
                0x00000f88       0x4c build/os/tpl_os_task_kernel.c.o
                0x00000f88                tpl_schedule_service
 .text.tpl_get_task_id_service
                0x00000fd4       0x44 build/os/tpl_os_task_kernel.c.o
                0x00000fd4                tpl_get_task_id_service
 .text.tpl_get_task_state_service
                0x00001018       0x42 build/os/tpl_os_task_kernel.c.o
                0x00001018                tpl_get_task_state_service
 .text.tpl_release_all_resources
                0x0000105a       0x36 build/os/tpl_os_resource_kernel.c.o
                0x0000105a                tpl_release_all_resources
 .text.tpl_get_resource_service
                0x00001090       0x72 build/os/tpl_os_resource_kernel.c.o
                0x00001090                tpl_get_resource_service
 .text.tpl_release_resource_service
                0x00001102       0x60 build/os/tpl_os_resource_kernel.c.o
                0x00001102                tpl_release_resource_service
 .text.tpl_raise_alarm
                0x00001162       0x12 build/os/tpl_os_alarm_kernel.c.o
                0x00001162                tpl_raise_alarm
 .text.tpl_get_alarm_base_service
                0x00001174       0x82 build/os/tpl_os_alarm_kernel.c.o
                0x00001174                tpl_get_alarm_base_service
 .text.tpl_get_alarm_service
                0x000011f6       0xa0 build/os/tpl_os_alarm_kernel.c.o
                0x000011f6                tpl_get_alarm_service
 .text.tpl_set_rel_alarm_service
                0x00001296       0xe4 build/os/tpl_os_alarm_kernel.c.o
                0x00001296                tpl_set_rel_alarm_service
 .text.tpl_set_abs_alarm_service
                0x0000137a       0x90 build/os/tpl_os_alarm_kernel.c.o
                0x0000137a                tpl_set_abs_alarm_service
 .text.tpl_cancel_alarm_service
                0x0000140a       0x42 build/os/tpl_os_alarm_kernel.c.o
                0x0000140a                tpl_cancel_alarm_service
 .text.mdelay   0x0000144c       0xac build/bsw.cpp.o
                0x0000144c                mdelay
 .text.printfSerial
                0x000014f8       0x52 build/bsw.cpp.o
                0x000014f8                printfSerial
 .text._Z9timerInitv
                0x0000154a       0x22 build/bsw.cpp.o
                0x0000154a                _Z9timerInitv
 .text.setup    0x0000156c       0x4e build/bsw.cpp.o
                0x0000156c                setup
 .text.TickPrint_function
                0x000015ba       0x70 build/bsw.cpp.o
                0x000015ba                TickPrint_function
 .text.printState
                0x0000162a       0x80 build/asw.c.o
                0x0000162a                printState
 .text.Task1_function
                0x000016aa       0xa2 build/asw.c.o
                0x000016aa                Task1_function
 .text.Task2_function
                0x0000174c       0x78 build/asw.c.o
                0x0000174c                Task2_function
 .text.TaskM_function
                0x000017c4       0x14 build/asw.c.o
                0x000017c4                TaskM_function
 .text.__vector_9
                0x000017d8       0x4c build/conf/tpl_app_config.c.o
                0x000017d8                __vector_9
 .text.trampolineSystemCounter
                0x00001824        0x8 build/conf/tpl_app_config.c.o
                0x00001824                trampolineSystemCounter
 .text.tpl_init_external_interrupts
                0x0000182c        0x2 build/conf/tpl_interrupts.c.o
                0x0000182c                tpl_init_external_interrupts
 .text.pinMode  0x0000182e       0x74 build/machines/avr/arduino/cores/arduino/wiring_digital.c.o
                0x0000182e                pinMode
 .text.__vector_16
                0x000018a2       0xb0 build/machines/avr/arduino/cores/arduino/wiring.c.o
                0x000018a2                __vector_16
 .text.millis   0x00001952       0x18 build/machines/avr/arduino/cores/arduino/wiring.c.o
                0x00001952                millis
 .text.init     0x0000196a       0x6a build/machines/avr/arduino/cores/arduino/wiring.c.o
                0x0000196a                init
 .text.idle_function
                0x000019d4        0x2 build/machines/avr/tpl_machine.c.o
                0x000019d4                idle_function
 .text.tpl_shutdown
                0x000019d6        0x2 build/machines/avr/tpl_machine.c.o
                0x000019d6                tpl_shutdown
 .text.tpl_init_context
                0x000019d8       0x98 build/machines/avr/tpl_machine.c.o
                0x000019d8                tpl_init_context
 .text.tpl_init_machine
                0x00001a70        0x2 build/machines/avr/tpl_machine.c.o
                0x00001a70                tpl_init_machine
 .text.tpl_enable_interrupts
                0x00001a72        0x4 build/machines/avr/tpl_machine.c.o
                0x00001a72                tpl_enable_interrupts
 .text.tpl_disable_interrupts
                0x00001a76        0x4 build/machines/avr/tpl_machine.c.o
                0x00001a76                tpl_disable_interrupts
 .text.tpl_enable_os_interrupts
                0x00001a7a        0x4 build/machines/avr/tpl_machine.c.o
                0x00001a7a                tpl_enable_os_interrupts
 .text.tpl_disable_os_interrupts
                0x00001a7e        0x4 build/machines/avr/tpl_machine.c.o
                0x00001a7e                tpl_disable_os_interrupts
 .text.initVariant
                0x00001a82        0x2 build/machines/avr/arduino/cores/arduino/main.cpp.o
                0x00001a82                initVariant
 .text.startup.main
                0x00001a84       0x1e build/machines/avr/arduino/cores/arduino/main.cpp.o
                0x00001a84                main
 .text.startup._GLOBAL__sub_I__Z10SetAppModea
                0x00001aa2        0xa build/machines/avr/arduino/cores/arduino/main.cpp.o
 .text._ZL7nothingv
                0x00001aac        0x2 build/machines/avr/arduino/cores/arduino/WInterrupts.c.o
 .text.__vector_1
                0x00001aae       0x4e build/machines/avr/arduino/cores/arduino/WInterrupts.c.o
                0x00001aae                __vector_1
 .text.__vector_2
                0x00001afc       0x4e build/machines/avr/arduino/cores/arduino/WInterrupts.c.o
                0x00001afc                __vector_2
 .text._ZN5Print5writeEPKhj
                0x00001b4a       0x72 build/machines/avr/arduino/cores/arduino/Print.cpp.o
                0x00001b4a                _ZN5Print5writeEPKhj
 .text._ZN5Print5writeEPKc
                0x00001bbc       0x26 build/machines/avr/arduino/cores/arduino/Print.cpp.o
                0x00001bbc                _ZN5Print5writeEPKc
 .text._ZN5Print5printEPKc
                0x00001be2        0x4 build/machines/avr/arduino/cores/arduino/Print.cpp.o
                0x00001be2                _ZN5Print5printEPKc
 .text.__vector_18
                0x00001be6       0x5a build/machines/avr/arduino/cores/arduino/HardwareSerial0.cpp.o
                0x00001be6                __vector_18
 .text.__vector_19
                0x00001c40       0x4c build/machines/avr/arduino/cores/arduino/HardwareSerial0.cpp.o
                0x00001c40                __vector_19
 .text.startup._GLOBAL__sub_I___vector_18
                0x00001c8c       0x4a build/machines/avr/arduino/cores/arduino/HardwareSerial0.cpp.o
 .text._ZN14HardwareSerial9availableEv
                0x00001cd6       0x18 build/machines/avr/arduino/cores/arduino/HardwareSerial.cpp.o
                0x00001cd6                _ZN14HardwareSerial9availableEv
 .text._ZN14HardwareSerial4peekEv
                0x00001cee       0x1c build/machines/avr/arduino/cores/arduino/HardwareSerial.cpp.o
                0x00001cee                _ZN14HardwareSerial4peekEv
 .text._ZN14HardwareSerial4readEv
                0x00001d0a       0x28 build/machines/avr/arduino/cores/arduino/HardwareSerial.cpp.o
                0x00001d0a                _ZN14HardwareSerial4readEv
 .text._ZN14HardwareSerial17availableForWriteEv
                0x00001d32       0x1a build/machines/avr/arduino/cores/arduino/HardwareSerial.cpp.o
                0x00001d32                _ZN14HardwareSerial17availableForWriteEv
 .text._ZN14HardwareSerial17_tx_udr_empty_irqEv
                0x00001d4c       0x40 build/machines/avr/arduino/cores/arduino/HardwareSerial.cpp.o
                0x00001d4c                _ZN14HardwareSerial17_tx_udr_empty_irqEv
 .text._ZN14HardwareSerial5flushEv
                0x00001d8c       0x44 build/machines/avr/arduino/cores/arduino/HardwareSerial.cpp.o
                0x00001d8c                _ZN14HardwareSerial5flushEv
 .text._ZN14HardwareSerial5writeEh
                0x00001dd0       0x96 build/machines/avr/arduino/cores/arduino/HardwareSerial.cpp.o
                0x00001dd0                _ZN14HardwareSerial5writeEh
 .text._ZN14HardwareSerial5beginEmh
                0x00001e66       0xe8 build/machines/avr/arduino/cores/arduino/HardwareSerial.cpp.o
                0x00001e66                _ZN14HardwareSerial5beginEmh
 .text.avr-libc
                0x00001f4e       0x12 C:/msys64/ucrt64/bin/../lib/gcc/avr/15.2.0/../../../../avr/lib/avr5\libc.a(strlen.o)
                0x00001f4e                strlen
 .text.avr-libc
                0x00001f60       0x5a C:/msys64/ucrt64/bin/../lib/gcc/avr/15.2.0/../../../../avr/lib/avr5\libc.a(vsnprintf.o)
                0x00001f60                vsnprintf
 .text.vfprintf
                0x00001fba      0x3ca C:/msys64/ucrt64/bin/../lib/gcc/avr/15.2.0/../../../../avr/lib/avr5\libc.a(vfprintf_std.o)
                0x00001fba                vfprintf
 .text.avr-libc
                0x00002384       0x16 C:/msys64/ucrt64/bin/../lib/gcc/avr/15.2.0/../../../../avr/lib/avr5\libc.a(strnlen_P.o)
                0x00002384                strnlen_P
 .text.avr-libc
                0x0000239a       0x16 C:/msys64/ucrt64/bin/../lib/gcc/avr/15.2.0/../../../../avr/lib/avr5\libc.a(strnlen.o)
                0x0000239a                strnlen
 .text.avr-libc
                0x000023b0       0x82 C:/msys64/ucrt64/bin/../lib/gcc/avr/15.2.0/../../../../avr/lib/avr5\libc.a(fputc.o)
                0x000023b0                fputc
 .text.avr-libc
                0x00002432       0xbc C:/msys64/ucrt64/bin/../lib/gcc/avr/15.2.0/../../../../avr/lib/avr5\libc.a(ultoa_invert.o)
                0x00002432                __ultoa_invert
 .text.libgcc.div
                0x000024ee       0x44 C:/msys64/ucrt64/bin/../lib/gcc/avr/15.2.0/avr5\libgcc.a(_udivmodsi4.o)
                0x000024ee                __udivmodsi4
 .text.libgcc.div
                0x00002532       0x10 C:/msys64/ucrt64/bin/../lib/gcc/avr/15.2.0/avr5\libgcc.a(_negsi2.o)
                0x00002532                __negsi2
 .text.libgcc.prologue
                0x00002542       0x38 C:/msys64/ucrt64/bin/../lib/gcc/avr/15.2.0/avr5\libgcc.a(_prologue.o)
                0x00002542                __prologue_saves__
 .text.libgcc.prologue
                0x0000257a       0x36 C:/msys64/ucrt64/bin/../lib/gcc/avr/15.2.0/avr5\libgcc.a(_epilogue.o)
                0x0000257a                __epilogue_restores__
 .text.libgcc   0x000025b0        0xc C:/msys64/ucrt64/bin/../lib/gcc/avr/15.2.0/avr5\libgcc.a(_tablejump2.o)
                0x000025b0                __tablejump2__
                0x000025bc                        . = ALIGN (0x2)
 *(.fini9)
 .fini9         0x000025bc        0x0 C:/msys64/ucrt64/bin/../lib/gcc/avr/15.2.0/avr5\libgcc.a(_exit.o)
                0x000025bc                _exit
                0x000025bc                exit
 *(.fini9)
 *(.fini8)
 *(.fini8)
 *(.fini7)
 *(.fini7)
 *(.fini6)
 *(.fini6)
 *(.fini5)
 *(.fini5)
 *(.fini4)
 .fini4         0x000025bc        0x0 C:/msys64/ucrt64/bin/../lib/gcc/avr/15.2.0/../../../../avr/lib/avr5\libc.a(_abort.o)
                0x000025bc                __abort
 *(.fini4)
 *(.fini3)
 *(.fini3)
 *(.fini2)
 *(.fini2)
 *(.fini1)
 *(.fini1)
 *(.fini0)
 .fini0         0x000025bc        0x4 C:/msys64/ucrt64/bin/../lib/gcc/avr/15.2.0/avr5\libgcc.a(_exit.o)
 *(.fini0)
 *(.hightext)
 *(.hightext*)
 *(.progmemx)
 *(.progmemx.*)
                0x000025c0                        . = ALIGN (0x2)
 *(.jumptables)
 *(.jumptables*)
                0x000025c0                        _etext = .

.data           0x00800100      0x268 load address 0x000025c0
                0x00800100                        PROVIDE (__data_start = .)
 *(.data)
 .data          0x00800100       0x68 build/machines/avr/tpl_dispatch.S.o
                0x00800100                tpl_reentrancy_counter
 *(.data*)
 .data.INTERNAL_RES_SCHEDULER
                0x00800168        0x3 build/os/tpl_os_kernel.c.o
                0x00800168                INTERNAL_RES_SCHEDULER
 .data.application_mode
                0x0080016b        0x1 build/os/tpl_os_os_kernel.c.o
 .data._ZZ18TickPrint_functionE1c
                0x0080016c        0x4 build/bsw.cpp.o
 .data.tpl_kern
                0x00800170       0x12 build/conf/tpl_app_config.c.o
                0x00800170                tpl_kern
 .data.TimerAlarm_alarm_desc
                0x00800182        0xf build/conf/tpl_app_config.c.o
                0x00800182                TimerAlarm_alarm_desc
 .data.TickPrint_task_desc
                0x00800191        0x5 build/conf/tpl_app_config.c.o
                0x00800191                TickPrint_task_desc
 .data.TaskM_task_desc
                0x00800196        0x5 build/conf/tpl_app_config.c.o
                0x00800196                TaskM_task_desc
 .data.Task2_task_desc
                0x0080019b        0x5 build/conf/tpl_app_config.c.o
                0x0080019b                Task2_task_desc
 .data.Task1_task_desc
                0x008001a0        0x5 build/conf/tpl_app_config.c.o
                0x008001a0                Task1_task_desc
 .data.SystemCounter_counter_desc
                0x008001a5       0x18 build/conf/tpl_app_config.c.o
                0x008001a5                SystemCounter_counter_desc
 .data.DefaultTimer_counter_desc
                0x008001bd       0x18 build/conf/tpl_app_config.c.o
                0x008001bd                DefaultTimer_counter_desc
 .data.res_sched_rez_desc
                0x008001d5        0x5 build/conf/tpl_app_config.c.o
                0x008001d5                res_sched_rez_desc
 .data._ZL7intFunc
                0x008001da        0x4 build/machines/avr/arduino/cores/arduino/WInterrupts.c.o
 *(.gnu.linkonce.d*)
 *(.rodata)
 *(.rodata*)
 .rodata.INVALID_TASK
                0x008001de        0x1 build/os/tpl_os_kernel.c.o
                0x008001de                INVALID_TASK
 .rodata.setup.str1.1
                0x008001df       0xd6 build/bsw.cpp.o
                                 0x34 (size before relaxing)
 .rodata.TickPrint_function.str1.1
                0x008002b5        0x0 build/bsw.cpp.o
                                  0x8 (size before relaxing)
 .rodata.printState.str1.1
                0x008002b5        0x0 build/asw.c.o
                                 0x3c (size before relaxing)
 .rodata.Task1_function.str1.1
                0x008002b5        0x0 build/asw.c.o
                                 0x37 (size before relaxing)
 .rodata.Task2_function.str1.1
                0x008002b5        0x0 build/asw.c.o
                                 0x38 (size before relaxing)
 .rodata.tpl_alarm_table
                0x008002b5        0x2 build/conf/tpl_app_config.c.o
                0x008002b5                tpl_alarm_table
 .rodata.TimerAlarm_static
                0x008002b7        0x6 build/conf/tpl_app_config.c.o
                0x008002b7                TimerAlarm_static
 .rodata.TimerAlarm_action
                0x008002bd        0x3 build/conf/tpl_app_config.c.o
                0x008002bd                TimerAlarm_action
 .rodata.tpl_dyn_proc_table
                0x008002c0        0xa build/conf/tpl_app_config.c.o
                0x008002c0                tpl_dyn_proc_table
 .rodata.tpl_stat_proc_table
                0x008002ca        0xa build/conf/tpl_app_config.c.o
                0x008002ca                tpl_stat_proc_table
 .rodata.TickPrint_task_stat_desc
                0x008002d4        0xe build/conf/tpl_app_config.c.o
                0x008002d4                TickPrint_task_stat_desc
 .rodata.TaskM_task_stat_desc
                0x008002e2        0xe build/conf/tpl_app_config.c.o
                0x008002e2                TaskM_task_stat_desc
 .rodata.Task2_task_stat_desc
                0x008002f0        0xe build/conf/tpl_app_config.c.o
                0x008002f0                Task2_task_stat_desc
 .rodata.Task1_task_stat_desc
                0x008002fe        0xe build/conf/tpl_app_config.c.o
                0x008002fe                Task1_task_stat_desc
 .rodata.IDLE_TASK_task_stat_desc
                0x0080030c        0xe build/conf/tpl_app_config.c.o
                0x0080030c                IDLE_TASK_task_stat_desc
 .rodata.tpl_resource_table
                0x0080031a        0x2 build/conf/tpl_app_config.c.o
                0x0080031a                tpl_resource_table
 .rodata.TaskM  0x0080031c        0x1 build/conf/tpl_app_config.c.o
                0x0080031c                TaskM
 .rodata.Task2  0x0080031d        0x1 build/conf/tpl_app_config.c.o
                0x0080031d                Task2
 .rodata.Task1  0x0080031e        0x1 build/conf/tpl_app_config.c.o
                0x0080031e                Task1
 .rodata.tpl_alarm_app_mode
                0x0080031f        0x1 build/conf/tpl_app_config.c.o
                0x0080031f                tpl_alarm_app_mode
 .rodata.tpl_task_app_mode
                0x00800320        0x4 build/conf/tpl_app_config.c.o
                0x00800320                tpl_task_app_mode
 .rodata.OSDEFAULTAPPMODE
                0x00800324        0x1 build/conf/tpl_app_config.c.o
                0x00800324                OSDEFAULTAPPMODE
 .rodata.tpl_dispatch_table
                0x00800325       0x30 build/conf/tpl_dispatch_table.c.o
                0x00800325                tpl_dispatch_table
 .rodata._ZTV14HardwareSerial
                0x00800355       0x12 build/machines/avr/arduino/cores/arduino/HardwareSerial.cpp.o
                0x00800355                _ZTV14HardwareSerial
 *(.gnu.linkonce.r*)
                0x00800368                        . = ALIGN (0x2)
 *fill*         0x00800367        0x1 
                0x00800368                        _edata = .
                0x00800368                        PROVIDE (__data_end = .)

.bss            0x00800368      0x52e
                0x00800368                        PROVIDE (__bss_start = .)
 *(.bss)
 *(.bss*)
 .bss.alarm_callback_running
                0x00800368        0x1 build/os/tpl_os_kernel.c.o
 .bss.tpl_counters_enabled
                0x00800369        0x1 build/os/tpl_os_timeobj_kernel.c.o
 .bss.tpl_cpt_os_task_lock
                0x0080036a        0x4 build/os/tpl_os_interrupt_kernel.c.o
                0x0080036a                tpl_cpt_os_task_lock
 .bss.tpl_cpt_user_task_lock_OS
                0x0080036e        0x4 build/os/tpl_os_interrupt_kernel.c.o
                0x0080036e                tpl_cpt_user_task_lock_OS
 .bss.tpl_cpt_user_task_lock_All
                0x00800372        0x4 build/os/tpl_os_interrupt_kernel.c.o
                0x00800372                tpl_cpt_user_task_lock_All
 .bss.tpl_user_task_lock
                0x00800376        0x1 build/os/tpl_os_interrupt_kernel.c.o
                0x00800376                tpl_user_task_lock
 .bss.tpl_locking_depth
                0x00800377        0x4 build/os/tpl_os_interrupt_kernel.c.o
                0x00800377                tpl_locking_depth
 .bss.tpl_tail_for_prio
                0x0080037b        0x7 build/conf/tpl_app_config.c.o
                0x0080037b                tpl_tail_for_prio
 .bss.tpl_ready_list
                0x00800382        0xe build/conf/tpl_app_config.c.o
                0x00800382                tpl_ready_list
 .bss.TickPrint_int_context
                0x00800390        0x2 build/conf/tpl_app_config.c.o
                0x00800390                TickPrint_int_context
 .bss.TickPrint_stack_zone
                0x00800392      0x100 build/conf/tpl_app_config.c.o
                0x00800392                TickPrint_stack_zone
 .bss.TaskM_int_context
                0x00800492        0x2 build/conf/tpl_app_config.c.o
                0x00800492                TaskM_int_context
 .bss.TaskM_stack_zone
                0x00800494      0x100 build/conf/tpl_app_config.c.o
                0x00800494                TaskM_stack_zone
 .bss.Task2_int_context
                0x00800594        0x2 build/conf/tpl_app_config.c.o
                0x00800594                Task2_int_context
 .bss.Task2_stack_zone
                0x00800596      0x100 build/conf/tpl_app_config.c.o
                0x00800596                Task2_stack_zone
 .bss.Task1_int_context
                0x00800696        0x2 build/conf/tpl_app_config.c.o
                0x00800696                Task1_int_context
 .bss.Task1_stack_zone
                0x00800698      0x100 build/conf/tpl_app_config.c.o
                0x00800698                Task1_stack_zone
 .bss.IDLE_TASK_task_desc
                0x00800798        0x5 build/conf/tpl_app_config.c.o
                0x00800798                IDLE_TASK_task_desc
 .bss.IDLE_TASK_int_context
                0x0080079d        0x2 build/conf/tpl_app_config.c.o
                0x0080079d                IDLE_TASK_int_context
 .bss.IDLE_TASK_stack_zone
                0x0080079f       0x50 build/conf/tpl_app_config.c.o
                0x0080079f                IDLE_TASK_stack_zone
 .bss.timer0_fract
                0x008007ef        0x1 build/machines/avr/arduino/cores/arduino/wiring.c.o
 .bss.timer0_millis
                0x008007f0        0x4 build/machines/avr/arduino/cores/arduino/wiring.c.o
                0x008007f0                timer0_millis
 .bss.timer0_overflow_count
                0x008007f4        0x4 build/machines/avr/arduino/cores/arduino/wiring.c.o
                0x008007f4                timer0_overflow_count
 .bss._ZL9__appMode
                0x008007f8        0x1 build/machines/avr/arduino/cores/arduino/main.cpp.o
 .bss.Serial    0x008007f9       0x9d build/machines/avr/arduino/cores/arduino/HardwareSerial0.cpp.o
                0x008007f9                Serial
 *(COMMON)
                0x00800896                        PROVIDE (__bss_end = .)
                0x000025c0                        __data_load_start = LOADADDR (.data)
                0x00002828                        __data_load_end = (__data_load_start + SIZEOF (.data))

.noinit         0x00800896        0x0
                [!provide]                        PROVIDE (__noinit_start = .)
 *(.noinit .noinit.* .gnu.linkonce.n.*)
                [!provide]                        PROVIDE (__noinit_end = .)
                0x00800896                        _end = .
                0x00800896                        PROVIDE (__heap_start = .)
                0x00000000                        __flmap_init_label = DEFINED (__flmap_noinit_start)?__flmap_noinit_start:0x0
                0x00000000                        __flmap = DEFINED (__flmap)?__flmap:0x0

.eeprom         0x00810000        0x0
 *(.eeprom*)
                0x00810000                        __eeprom_end = .

.fuse
 *(.fuse)
 *(.lfuse)
 *(.hfuse)
 *(.efuse)

.lock
 *(.lock*)

.signature
 *(.signature*)

.stab
 *(.stab)

.stabstr
 *(.stabstr)

.stab.excl
 *(.stab.excl)

.stab.exclstr
 *(.stab.exclstr)

.stab.index
 *(.stab.index)

.stab.indexstr
 *(.stab.indexstr)

.comment        0x00000000       0x12
 *(.comment)
 .comment       0x00000000       0x12 build/os/tpl_os_kernel.c.o
                                 0x13 (size before relaxing)
 .comment       0x00000012        0x0 build/os/tpl_os_timeobj_kernel.c.o
                                 0x13 (size before relaxing)
 .comment       0x00000012        0x0 build/os/tpl_os_action.c.o
                                 0x13 (size before relaxing)
 .comment       0x00000012        0x0 build/os/tpl_os_os_kernel.c.o
                                 0x13 (size before relaxing)
 .comment       0x00000012        0x0 build/os/tpl_os_os.c.o
                                 0x13 (size before relaxing)
 .comment       0x00000012        0x0 build/os/tpl_os_interrupt_kernel.c.o
                                 0x13 (size before relaxing)
 .comment       0x00000012        0x0 build/os/tpl_os_task_kernel.c.o
                                 0x13 (size before relaxing)
 .comment       0x00000012        0x0 build/os/tpl_os_resource_kernel.c.o
                                 0x13 (size before relaxing)
 .comment       0x00000012        0x0 build/os/tpl_os_alarm_kernel.c.o
                                 0x13 (size before relaxing)
 .comment       0x00000012        0x0 build/bsw.cpp.o
                                 0x13 (size before relaxing)
 .comment       0x00000012        0x0 build/asw.c.o
                                 0x13 (size before relaxing)
 .comment       0x00000012        0x0 build/conf/tpl_app_config.c.o
                                 0x13 (size before relaxing)
 .comment       0x00000012        0x0 build/conf/tpl_dispatch_table.c.o
                                 0x13 (size before relaxing)
 .comment       0x00000012        0x0 build/conf/tpl_interrupts.c.o
                                 0x13 (size before relaxing)
 .comment       0x00000012        0x0 build/machines/avr/arduino/cores/arduino/wiring_digital.c.o
                                 0x13 (size before relaxing)
 .comment       0x00000012        0x0 build/machines/avr/arduino/cores/arduino/wiring.c.o
                                 0x13 (size before relaxing)
 .comment       0x00000012        0x0 build/machines/avr/tpl_machine.c.o
                                 0x13 (size before relaxing)
 .comment       0x00000012        0x0 build/machines/avr/arduino/cores/arduino/main.cpp.o
                                 0x13 (size before relaxing)
 .comment       0x00000012        0x0 build/machines/avr/arduino/cores/arduino/WInterrupts.c.o
                                 0x13 (size before relaxing)
 .comment       0x00000012        0x0 build/machines/avr/arduino/cores/arduino/Print.cpp.o
                                 0x13 (size before relaxing)
 .comment       0x00000012        0x0 build/machines/avr/arduino/cores/arduino/HardwareSerial0.cpp.o
                                 0x13 (size before relaxing)
 .comment       0x00000012        0x0 build/machines/avr/arduino/cores/arduino/HardwareSerial.cpp.o
                                 0x13 (size before relaxing)
 .comment       0x00000012        0x0 C:/msys64/ucrt64/bin/../lib/gcc/avr/15.2.0/../../../../avr/lib/avr5\libc.a(vsnprintf.o)
                                 0x13 (size before relaxing)
 .comment       0x00000012        0x0 C:/msys64/ucrt64/bin/../lib/gcc/avr/15.2.0/../../../../avr/lib/avr5\libc.a(vfprintf_std.o)
                                 0x13 (size before relaxing)
 .comment       0x00000012        0x0 C:/msys64/ucrt64/bin/../lib/gcc/avr/15.2.0/../../../../avr/lib/avr5\libc.a(fputc.o)
                                 0x13 (size before relaxing)

.note.gnu.avr.deviceinfo
                0x00000000       0x40
 .note.gnu.avr.deviceinfo
                0x00000000       0x40 C:/msys64/ucrt64/bin/../lib/gcc/avr/15.2.0/../../../../avr/lib/avr5/crtatmega328p.o

.gnu.build.attributes
 *(.gnu.build.attributes .gnu.build.attributes.*)

.note.gnu.build-id
 *(.note.gnu.build-id)

.debug
 *(.debug)

.line
 *(.line)

.debug_srcinfo
 *(.debug_srcinfo)

.debug_sfnames
 *(.debug_sfnames)

.debug_aranges
 *(.debug_aranges)

.debug_pubnames
 *(.debug_pubnames)

.debug_info     0x00000000      0x5f4
 *(.debug_info .gnu.linkonce.wi.*)
 .debug_info    0x00000000      0x5f4 C:/msys64/ucrt64/bin/../lib/gcc/avr/15.2.0/../../../../avr/lib/avr5/crtatmega328p.o

.debug_abbrev   0x00000000      0x5a2
 *(.debug_abbrev)
 .debug_abbrev  0x00000000      0x5a2 C:/msys64/ucrt64/bin/../lib/gcc/avr/15.2.0/../../../../avr/lib/avr5/crtatmega328p.o

.debug_line     0x00000000       0x1d
 *(.debug_line .debug_line.* .debug_line_end)
 .debug_line    0x00000000       0x1d C:/msys64/ucrt64/bin/../lib/gcc/avr/15.2.0/../../../../avr/lib/avr5/crtatmega328p.o

.debug_frame
 *(.debug_frame)

.debug_str      0x00000000      0x208
 *(.debug_str)
 .debug_str     0x00000000      0x208 C:/msys64/ucrt64/bin/../lib/gcc/avr/15.2.0/../../../../avr/lib/avr5/crtatmega328p.o

.debug_loc
 *(.debug_loc)

.debug_macinfo
 *(.debug_macinfo)

.debug_weaknames
 *(.debug_weaknames)

.debug_funcnames
 *(.debug_funcnames)

.debug_typenames
 *(.debug_typenames)

.debug_varnames
 *(.debug_varnames)

.debug_pubtypes
 *(.debug_pubtypes)

.debug_ranges
 *(.debug_ranges)

.debug_addr
 *(.debug_addr)

.debug_line_str
 *(.debug_line_str)

.debug_loclists
 *(.debug_loclists)

.debug_macro
 *(.debug_macro)

.debug_names
 *(.debug_names)

.debug_rnglists
 *(.debug_rnglists)

.debug_str_offsets
 *(.debug_str_offsets)

.debug_sup
 *(.debug_sup)
OUTPUT(base elf32-avr)
LOAD linker stubs
