Archive member included to satisfy reference by file (symbol)

C:/msys64/ucrt64/bin/../lib/gcc/avr/15.2.0/../../../../avr/lib/avr5\libc.a(ftostrf.o)
                              build/machines/avr/arduino/cores/arduino/WString.cpp.o (dtostrf)
C:/msys64/ucrt64/bin/../lib/gcc/avr/15.2.0/../../../../avr/lib/avr5\libc.a(malloc.o)
                              build/machines/avr/arduino/cores/arduino/new.cpp.o (malloc)
C:/msys64/ucrt64/bin/../lib/gcc/avr/15.2.0/../../../../avr/lib/avr5\libc.a(random.o)
                              build/machines/avr/arduino/cores/arduino/WMath.cpp.o (random)
C:/msys64/ucrt64/bin/../lib/gcc/avr/15.2.0/../../../../avr/lib/avr5\libc.a(realloc.o)
                              build/machines/avr/arduino/cores/arduino/WString.cpp.o (realloc)
C:/msys64/ucrt64/bin/../lib/gcc/avr/15.2.0/../../../../avr/lib/avr5\libc.a(abort.o)
                              build/machines/avr/arduino/cores/arduino/abi.cpp.o (abort)
C:/msys64/ucrt64/bin/../lib/gcc/avr/15.2.0/../../../../avr/lib/avr5\libc.a(atoff.o)
                              build/machines/avr/arduino/cores/arduino/WString.cpp.o (atof)
C:/msys64/ucrt64/bin/../lib/gcc/avr/15.2.0/../../../../avr/lib/avr5\libc.a(atol.o)
                              build/machines/avr/arduino/cores/arduino/WString.cpp.o (atol)
C:/msys64/ucrt64/bin/../lib/gcc/avr/15.2.0/../../../../avr/lib/avr5\libc.a(isspace.o)
                              build/machines/avr/arduino/cores/arduino/WString.cpp.o (isspace)
C:/msys64/ucrt64/bin/../lib/gcc/avr/15.2.0/../../../../avr/lib/avr5\libc.a(tolower.o)
                              build/machines/avr/arduino/cores/arduino/WString.cpp.o (tolower)
C:/msys64/ucrt64/bin/../lib/gcc/avr/15.2.0/../../../../avr/lib/avr5\libc.a(toupper.o)
                              build/machines/avr/arduino/cores/arduino/WString.cpp.o (toupper)
C:/msys64/ucrt64/bin/../lib/gcc/avr/15.2.0/../../../../avr/lib/avr5\libc.a(_strcpy_P.o)
                              build/machines/avr/arduino/cores/arduino/WString.cpp.o (__strcpy_P)
C:/msys64/ucrt64/bin/../lib/gcc/avr/15.2.0/../../../../avr/lib/avr5\libc.a(strlen_P.o)
                              build/machines/avr/arduino/cores/arduino/WString.cpp.o (strlen_P)
C:/msys64/ucrt64/bin/../lib/gcc/avr/15.2.0/../../../../avr/lib/avr5\libc.a(memcpy.o)
                              build/machines/avr/arduino/cores/arduino/WString.cpp.o (memcpy)
C:/msys64/ucrt64/bin/../lib/gcc/avr/15.2.0/../../../../avr/lib/avr5\libc.a(memmove.o)
                              build/machines/avr/arduino/cores/arduino/WString.cpp.o (memmove)
C:/msys64/ucrt64/bin/../lib/gcc/avr/15.2.0/../../../../avr/lib/avr5\libc.a(strchr.o)
                              build/machines/avr/arduino/cores/arduino/WString.cpp.o (strchr)
C:/msys64/ucrt64/bin/../lib/gcc/avr/15.2.0/../../../../avr/lib/avr5\libc.a(_strcmp.o)
                              build/machines/avr/arduino/cores/arduino/WString.cpp.o (__strcmp)
C:/msys64/ucrt64/bin/../lib/gcc/avr/15.2.0/../../../../avr/lib/avr5\libc.a(_strcpy.o)
                              build/machines/avr/arduino/cores/arduino/WString.cpp.o (__strcpy)
C:/msys64/ucrt64/bin/../lib/gcc/avr/15.2.0/../../../../avr/lib/avr5\libc.a(strlen.o)
                              build/machines/avr/arduino/cores/arduino/WString.cpp.o (strlen)
C:/msys64/ucrt64/bin/../lib/gcc/avr/15.2.0/../../../../avr/lib/avr5\libc.a(strncmp.o)
                              build/machines/avr/arduino/cores/arduino/WString.cpp.o (strncmp)
C:/msys64/ucrt64/bin/../lib/gcc/avr/15.2.0/../../../../avr/lib/avr5\libc.a(strncpy.o)
                              build/machines/avr/arduino/cores/arduino/WString.cpp.o (strncpy)
C:/msys64/ucrt64/bin/../lib/gcc/avr/15.2.0/../../../../avr/lib/avr5\libc.a(strrchr.o)
                              build/machines/avr/arduino/cores/arduino/WString.cpp.o (strrchr)
C:/msys64/ucrt64/bin/../lib/gcc/avr/15.2.0/../../../../avr/lib/avr5\libc.a(strstr.o)
                              build/machines/avr/arduino/cores/arduino/WString.cpp.o (strstr)
C:/msys64/ucrt64/bin/../lib/gcc/avr/15.2.0/../../../../avr/lib/avr5\libc.a(itoa.o)
                              build/machines/avr/arduino/cores/arduino/WString.cpp.o (__itoa)
C:/msys64/ucrt64/bin/../lib/gcc/avr/15.2.0/../../../../avr/lib/avr5\libc.a(itoa_ncheck.o)
                              build/machines/avr/arduino/cores/arduino/WString.cpp.o (__itoa_ncheck)
C:/msys64/ucrt64/bin/../lib/gcc/avr/15.2.0/../../../../avr/lib/avr5\libc.a(ltoa.o)
                              build/machines/avr/arduino/cores/arduino/WString.cpp.o (__ltoa)
C:/msys64/ucrt64/bin/../lib/gcc/avr/15.2.0/../../../../avr/lib/avr5\libc.a(ltoa_ncheck.o)
                              build/machines/avr/arduino/cores/arduino/WString.cpp.o (__ltoa_ncheck)
C:/msys64/ucrt64/bin/../lib/gcc/avr/15.2.0/../../../../avr/lib/avr5\libc.a(mulsi10.o)
                              C:/msys64/ucrt64/bin/../lib/gcc/avr/15.2.0/../../../../avr/lib/avr5\libc.a(atol.o) (__mulsi_const_10)
[...]
Memory Configuration

Name             Origin             Length             Attributes
text             0x00000000         0x00008000         xr
data             0x00800100         0x00000800         rw!x
eeprom           0x00810000         0x00000400         rw!x
fuse             0x00820000         0x00000003         rw!x
lock             0x00830000         0x00000400         rw!x
signature        0x00840000         0x00000400         rw!x
user_signatures  0x00850000         0x00000400         rw!x
*default*        0x00000000         0xffffffff

Linker script and memory map

Address of section .data set to 0x800100
LOAD C:/msys64/ucrt64/bin/../lib/gcc/avr/15.2.0/../../../../avr/lib/avr5/crtatmega328p.o
LOAD C:/msys64/ucrt64/bin/../lib/gcc/avr/15.2.0/../../../../avr/lib/avr5\libm.a
LOAD build/os/tpl_os_kernel.c.o
LOAD build/os/tpl_os_timeobj_kernel.c.o
LOAD build/os/tpl_os_action.c.o
LOAD build/os/tpl_os_error.c.o
LOAD build/os/tpl_os_os_kernel.c.o
LOAD build/os/tpl_os_os.c.o
LOAD build/os/tpl_os_interrupt_kernel.c.o
LOAD build/os/tpl_os_task_kernel.c.o
LOAD build/os/tpl_os_resource_kernel.c.o
LOAD build/os/tpl_os_event_kernel.c.o
LOAD build/os/tpl_os_alarm_kernel.c.o
LOAD build/bsw.cpp.o
LOAD build/asw.c.o
LOAD build/mutex.c.o
LOAD build/conf/tpl_app_config.c.o
LOAD build/conf/tpl_dispatch_table.c.o
LOAD build/conf/tpl_invoque.S.o
LOAD build/conf/tpl_interrupts.c.o
LOAD build/machines/avr/arduino/cores/arduino/wiring_digital.c.o
LOAD build/machines/avr/arduino/cores/arduino/wiring.c.o
LOAD build/machines/avr/arduino/cores/arduino/hooks.c.o
LOAD build/machines/avr/arduino/cores/arduino/wiring_analog.c.o
LOAD build/machines/avr/tpl_machine.c.o
LOAD build/machines/avr/arduino/cores/arduino/main.cpp.o
LOAD build/machines/avr/arduino/cores/arduino/WMath.cpp.o
LOAD build/machines/avr/arduino/cores/arduino/WString.cpp.o
LOAD build/machines/avr/arduino/cores/arduino/WInterrupts.c.o
LOAD build/machines/avr/arduino/cores/arduino/abi.cpp.o
LOAD build/machines/avr/arduino/cores/arduino/new.cpp.o
LOAD build/machines/avr/arduino//tpl_trace.cpp.o
LOAD build/machines/avr/arduino/cores/arduino/Print.cpp.o
LOAD build/machines/avr/arduino/cores/arduino/Stream.cpp.o
LOAD build/machines/avr/arduino/cores/arduino/HardwareSerial0.cpp.o
LOAD build/machines/avr/arduino/cores/arduino/HardwareSerial1.cpp.o
LOAD build/machines/avr/arduino/cores/arduino/HardwareSerial2.cpp.o
LOAD build/machines/avr/arduino/cores/arduino/HardwareSerial3.cpp.o
LOAD build/machines/avr/arduino/cores/arduino/HardwareSerial.cpp.o
LOAD build/machines/avr/avr_switch_context.s.o
LOAD build/machines/avr/tpl_dispatch.S.o
LOAD C:/msys64/ucrt64/bin/../lib/gcc/avr/15.2.0/../../../../avr/lib/avr5\libc.a
LOAD C:/msys64/ucrt64/bin/../lib/gcc/avr/15.2.0/avr5\libgcc.a
START GROUP
LOAD C:/msys64/ucrt64/bin/../lib/gcc/avr/15.2.0/avr5\libgcc.a
LOAD C:/msys64/ucrt64/bin/../lib/gcc/avr/15.2.0/../../../../avr/lib/avr5\libm.a
LOAD C:/msys64/ucrt64/bin/../lib/gcc/avr/15.2.0/../../../../avr/lib/avr5\libc.a
LOAD C:/msys64/ucrt64/bin/../lib/gcc/avr/15.2.0/../../../../avr/lib/avr5\libatmega328p.a
END GROUP
                [0x00000000]                      __TEXT_REGION_ORIGIN__ = DEFINED (__TEXT_REGION_ORIGIN__)?__TEXT_REGION_ORIGIN__:0x0
                [0x00008000]                      __TEXT_REGION_LENGTH__ = DEFINED (__TEXT_REGION_LENGTH__)?__TEXT_REGION_LENGTH__:0x20000
                [0x00800100]                      __DATA_REGION_ORIGIN__ = DEFINED (__DATA_REGION_ORIGIN__)?__DATA_REGION_ORIGIN__:0x800060
                [0x00000800]                      __DATA_REGION_LENGTH__ = DEFINED (__DATA_REGION_LENGTH__)?__DATA_REGION_LENGTH__:0xffa0
                [0x00000400]                      __EEPROM_REGION_LENGTH__ = DEFINED (__EEPROM_REGION_LENGTH__)?__EEPROM_REGION_LENGTH__:0x10000
                [0x00000003]                      __FUSE_REGION_LENGTH__ = DEFINED (__FUSE_REGION_LENGTH__)?__FUSE_REGION_LENGTH__:0x400
                0x00000400                        __LOCK_REGION_LENGTH__ = DEFINED (__LOCK_REGION_LENGTH__)?__LOCK_REGION_LENGTH__:0x400
                0x00000400                        __SIGNATURE_REGION_LENGTH__ = DEFINED (__SIGNATURE_REGION_LENGTH__)?__SIGNATURE_REGION_LENGTH__:0x400
                0x00000400                        __USER_SIGNATURE_REGION_LENGTH__ = DEFINED (__USER_SIGNATURE_REGION_LENGTH__)?__USER_SIGNATURE_REGION_LENGTH__:0x400

.hash
 *(.hash)

.dynsym
 *(.dynsym)

.dynstr
 *(.dynstr)

.gnu.version
 *(.gnu.version)

.gnu.version_d
 *(.gnu.version_d)

.gnu.version_r
 *(.gnu.version_r)

.rel.init
 *(.rel.init)

.rela.init
 *(.rela.init)

.rel.text
 *(.rel.text)
 *(.rel.text.*)
 *(.rel.gnu.linkonce.t*)

.rela.text
 *(.rela.text)
 *(.rela.text.*)
 *(.rela.gnu.linkonce.t*)

.rel.fini
 *(.rel.fini)

.rela.fini
 *(.rela.fini)

.rel.rodata
 *(.rel.rodata)
 *(.rel.rodata.*)
 *(.rel.gnu.linkonce.r*)

.rela.rodata
 *(.rela.rodata)
 *(.rela.rodata.*)
 *(.rela.gnu.linkonce.r*)

.rel.data
 *(.rel.data)
 *(.rel.data.*)
 *(.rel.gnu.linkonce.d*)

.rela.data
 *(.rela.data)
 *(.rela.data.*)
 *(.rela.gnu.linkonce.d*)

.rel.ctors
 *(.rel.ctors)

.rela.ctors
 *(.rela.ctors)

.rel.dtors
 *(.rel.dtors)

.rela.dtors
 *(.rela.dtors)

.rel.got
 *(.rel.got)

.rela.got
 *(.rela.got)

.rel.bss
 *(.rel.bss)

.rela.bss
 *(.rela.bss)

.rel.plt
 *(.rel.plt)

.rela.plt
 *(.rela.plt)

.text           0x00000000     0x27ea
 *(.vectors)
 .vectors       0x00000000       0x68 C:/msys64/ucrt64/bin/../lib/gcc/avr/15.2.0/../../../../avr/lib/avr5/crtatmega328p.o
                0x00000000                __vector_default
                0x00000000                __vectors
 *(.vectors)
                0x00000068                        __progmem_start = .
 *(.progmem)
 *(.progmem.*)
 .progmem.data.digital_pin_to_bit_mask_PGM
                0x00000068       0x14 build/machines/avr/arduino/cores/arduino/wiring_digital.c.o
                0x00000068                digital_pin_to_bit_mask_PGM
 .progmem.data.digital_pin_to_port_PGM
                0x0000007c       0x14 build/machines/avr/arduino/cores/arduino/wiring_digital.c.o
                0x0000007c                digital_pin_to_port_PGM
 .progmem.data.port_to_output_PGM
                0x00000090        0xa build/machines/avr/arduino/cores/arduino/wiring_digital.c.o
                0x00000090                port_to_output_PGM
 .progmem.data.port_to_mode_PGM
                0x0000009a        0xa build/machines/avr/arduino/cores/arduino/wiring_digital.c.o
                0x0000009a                port_to_mode_PGM
                0x000000a4                        __progmem_end = .
                0x00000001                        ASSERT (((__progmem_start == __progmem_end) || (__progmem_end <= 0x10000)), .progmem section exceeds 0x10000)
                0x000000a4                        . = ALIGN (0x2)
                0x000000a4                        __trampolines_start = .
 *(.trampolines)
 .trampolines   0x000000a4        0x0 linker stubs
 *(.trampolines*)
                0x000000a4                        __trampolines_end = .
                0x000000a4                        . = ALIGN (0x2)
 *(.lowtext)
 *(.lowtext*)
                0x000000a4                        __ctors_start = .
 *(.ctors)
 .ctors         0x000000a4        0x2 build/machines/avr/arduino/cores/arduino/main.cpp.o
 .ctors         0x000000a6        0x2 build/machines/avr/arduino/cores/arduino/HardwareSerial0.cpp.o
                0x000000a8                        __ctors_end = .
                0x000000a8                        __dtors_start = .
 *(.dtors)
                0x000000a8                        __dtors_end = .
 SORT_BY_NAME(*)(.ctors)
 SORT_BY_NAME(*)(.dtors)
 *(.init0)
 .init0         0x000000a8        0x0 C:/msys64/ucrt64/bin/../lib/gcc/avr/15.2.0/../../../../avr/lib/avr5/crtatmega328p.o
                0x000000a8                __init
 *(.init0)
 *(.init1)
 *(.init1)
 *(.init2)
 .init2         0x000000a8        0x4 C:/msys64/ucrt64/bin/../lib/gcc/avr/15.2.0/../../../../avr/lib/avr5/crtatmega328p.o
 .init2         0x000000ac        0x8 C:/msys64/ucrt64/bin/../lib/gcc/avr/15.2.0/../../../../avr/lib/avr5\libatmega328p.a(init_sp.o)
                0x000000ac                __init_sp
 *(.init2)
 *(.init3)
 *(.init3)
 *(.init4)
 .init4         0x000000b4       0x16 C:/msys64/ucrt64/bin/../lib/gcc/avr/15.2.0/avr5\libgcc.a(_copy_data.o)
                0x000000b4                __do_copy_data
 .init4         0x000000ca       0x10 C:/msys64/ucrt64/bin/../lib/gcc/avr/15.2.0/avr5\libgcc.a(_clear_bss.o)
                0x000000ca                __do_clear_bss
 *(.init4)
 *(.init5)
 *(.init5)
 *(.init6)
 .init6         0x000000da       0x16 C:/msys64/ucrt64/bin/../lib/gcc/avr/15.2.0/avr5\libgcc.a(_ctors.o)
                0x000000da                __do_global_ctors
 *(.init6)
 *(.init7)
 *(.init7)
 *(.init8)
 *(.init8)
 *(.init9)
 .init9         0x000000f0        0x8 C:/msys64/ucrt64/bin/../lib/gcc/avr/15.2.0/../../../../avr/lib/avr5\libatmega328p.a(call_main.o)
                0x000000f0                __call_main
 *(.init9)
 *(.text)
 .text          0x000000f8        0x4 C:/msys64/ucrt64/bin/../lib/gcc/avr/15.2.0/../../../../avr/lib/avr5/crtatmega328p.o
                0x000000f8                __vector_22
                0x000000f8                __vector_24
                0x000000f8                __vector_12
                0x000000f8                __bad_interrupt
                0x000000f8                __vector_6
                0x000000f8                __vector_3
                0x000000f8                __vector_23
                0x000000f8                __vector_25
                0x000000f8                __vector_11
                0x000000f8                __vector_13
                0x000000f8                __vector_17
                0x000000f8                __vector_7
                0x000000f8                __vector_5
                0x000000f8                __vector_4
                0x000000f8                __vector_21
                0x000000f8                __vector_15
                0x000000f8                __vector_8
                0x000000f8                __vector_14
                0x000000f8                __vector_10
                0x000000f8                __vector_20
 .text          0x000000fc       0xe0 build/conf/tpl_invoque.S.o
                0x000000fc                GetActiveApplicationMode
                0x00000104                tpl_start_os
                0x0000010c                ShutdownOS
                0x00000114                EnableAllInterrupts
                0x0000011c                DisableAllInterrupts
                0x00000124                ResumeAllInterrupts
                0x0000012c                SuspendAllInterrupts
                0x00000134                ResumeOSInterrupts
                0x0000013c                SuspendOSInterrupts
                0x00000144                CallTerminateISR2
                0x0000014c                ActivateTask
                0x00000154                TerminateTask
                0x0000015c                ChainTask
                0x00000164                Schedule
                0x0000016c                GetTaskID
                0x00000174                GetTaskState
                0x0000017c                CallTerminateTask
                0x00000184                GetResource
                0x0000018c                ReleaseResource
                0x00000194                SetEvent
                0x0000019c                ClearEvent
                0x000001a4                GetEvent
                0x000001ac                WaitEvent
                0x000001b4                GetAlarmBase
                0x000001bc                GetAlarm
                0x000001c4                SetRelAlarm
                0x000001cc                SetAbsAlarm
                0x000001d4                CancelAlarm
 .text          0x000001dc       0x56 build/machines/avr/avr_switch_context.s.o
                0x000001dc                tpl_avr_save_context
                0x00000208                tpl_avr_restore_context
 .text          0x00000232       0xda build/machines/avr/tpl_dispatch.S.o
                0x00000232                tpl_switch_to_kernel_stack
                0x00000248                tpl_switch_to_user_stack
                0x00000256                tpl_avr_counter_tick
                0x0000025e                tpl_avr_ISR2_handler
                0x00000266                tpl_sc_handler
                0x0000030c                        . = ALIGN (0x2)
 *(.text.*)
 .text.tpl_compare_entries
                0x0000030c       0x6e build/os/tpl_os_kernel.c.o
                0x0000030c                tpl_compare_entries
 .text.tpl_bubble_up
                0x0000037a       0x7a build/os/tpl_os_kernel.c.o
                0x0000037a                tpl_bubble_up
 .text.tpl_bubble_down
                0x000003f4       0xc6 build/os/tpl_os_kernel.c.o
                0x000003f4                tpl_bubble_down
 .text.tpl_put_new_proc
                0x000004ba       0x4e build/os/tpl_os_kernel.c.o
                0x000004ba                tpl_put_new_proc
 .text.tpl_put_preempted_proc
                0x00000508       0x3a build/os/tpl_os_kernel.c.o
                0x00000508                tpl_put_preempted_proc
 .text.tpl_remove_front_proc
                0x00000542       0x58 build/os/tpl_os_kernel.c.o
                0x00000542                tpl_remove_front_proc
 .text.tpl_current_os_state
                0x0000059a       0x38 build/os/tpl_os_kernel.c.o
                0x0000059a                tpl_current_os_state
 .text.tpl_get_internal_resource
                0x000005d2       0x58 build/os/tpl_os_kernel.c.o
                0x000005d2                tpl_get_internal_resource
 .text.tpl_release_internal_resource
                0x0000062a       0x3c build/os/tpl_os_kernel.c.o
                0x0000062a                tpl_release_internal_resource
 .text.tpl_preempt
                0x00000666       0x3c build/os/tpl_os_kernel.c.o
                0x00000666                tpl_preempt
 .text.tpl_run_elected
                0x000006a2       0x7e build/os/tpl_os_kernel.c.o
                0x000006a2                tpl_run_elected
 .text.tpl_terminate
                0x00000720       0x5e build/os/tpl_os_kernel.c.o
                0x00000720                tpl_terminate
 .text.tpl_activate_task
                0x0000077e       0x5e build/os/tpl_os_kernel.c.o
                0x0000077e                tpl_activate_task
 .text.tpl_release
                0x000007dc       0x22 build/os/tpl_os_kernel.c.o
                0x000007dc                tpl_release
 .text.tpl_set_event
                0x000007fe       0x42 build/os/tpl_os_kernel.c.o
                0x000007fe                tpl_set_event
 .text.tpl_init_proc
                0x00000840       0x18 build/os/tpl_os_kernel.c.o
                0x00000840                tpl_init_proc
 .text.tpl_start
                0x00000858       0x7c build/os/tpl_os_kernel.c.o
                0x00000858                tpl_start
 .text.tpl_schedule_from_running
                0x000008d4       0x34 build/os/tpl_os_kernel.c.o
                0x000008d4                tpl_schedule_from_running
 .text.tpl_block
                0x00000908       0x24 build/os/tpl_os_kernel.c.o
                0x00000908                tpl_block
 .text.tpl_start_scheduling
                0x0000092c        0xa build/os/tpl_os_kernel.c.o
                0x0000092c                tpl_start_scheduling
 .text.tpl_init_os
                0x00000936       0xcc build/os/tpl_os_kernel.c.o
                0x00000936                tpl_init_os
 .text.tpl_call_terminate_task_service
                0x00000a02       0x26 build/os/tpl_os_kernel.c.o
                0x00000a02                tpl_call_terminate_task_service
 .text.tpl_call_terminate_isr2_service
                0x00000a28       0x26 build/os/tpl_os_kernel.c.o
                0x00000a28                tpl_call_terminate_isr2_service
 .text.tpl_enable_counters
                0x00000a4e        0x8 build/os/tpl_os_timeobj_kernel.c.o
                0x00000a4e                tpl_enable_counters
 .text.tpl_insert_time_obj
                0x00000a56       0xfa build/os/tpl_os_timeobj_kernel.c.o
                0x00000a56                tpl_insert_time_obj
 .text.tpl_remove_time_obj
                0x00000b50       0x6c build/os/tpl_os_timeobj_kernel.c.o
                0x00000b50                tpl_remove_time_obj
 .text.tpl_counter_tick
                0x00000bbc      0x17c build/os/tpl_os_timeobj_kernel.c.o
                0x00000bbc                tpl_counter_tick
 .text.tpl_action_activate_task
                0x00000d38        0x8 build/os/tpl_os_action.c.o
                0x00000d38                tpl_action_activate_task
 .text.tpl_get_active_application_mode_service
                0x00000d40        0xa build/os/tpl_os_os_kernel.c.o
                0x00000d40                tpl_get_active_application_mode_service
 .text.tpl_start_os_service
                0x00000d4a       0x10 build/os/tpl_os_os_kernel.c.o
                0x00000d4a                tpl_start_os_service
 .text.tpl_shutdown_os_service
                0x00000d5a        0x4 build/os/tpl_os_os_kernel.c.o
                0x00000d5a                tpl_shutdown_os_service
 .text.StartOS  0x00000d5e       0x24 build/os/tpl_os_os.c.o
                0x00000d5e                StartOS
 .text.tpl_get_interrupt_lock_status
                0x00000d82       0x40 build/os/tpl_os_interrupt_kernel.c.o
                0x00000d82                tpl_get_interrupt_lock_status
 .text.tpl_reset_interrupt_lock_status
                0x00000dc2       0x46 build/os/tpl_os_interrupt_kernel.c.o
                0x00000dc2                tpl_reset_interrupt_lock_status
 .text.tpl_suspend_all_interrupts_service
                0x00000e08       0x52 build/os/tpl_os_interrupt_kernel.c.o
                0x00000e08                tpl_suspend_all_interrupts_service
 .text.tpl_resume_all_interrupts_service
                0x00000e5a       0x74 build/os/tpl_os_interrupt_kernel.c.o
                0x00000e5a                tpl_resume_all_interrupts_service
 .text.tpl_disable_all_interrupts_service
                0x00000ece       0x3c build/os/tpl_os_interrupt_kernel.c.o
                0x00000ece                tpl_disable_all_interrupts_service
 .text.tpl_enable_all_interrupts_service
                0x00000f0a       0x12 build/os/tpl_os_interrupt_kernel.c.o
                0x00000f0a                tpl_enable_all_interrupts_service
 .text.tpl_suspend_os_interrupts_service
                0x00000f1c       0x52 build/os/tpl_os_interrupt_kernel.c.o
                0x00000f1c                tpl_suspend_os_interrupts_service
 .text.tpl_resume_os_interrupts_service
                0x00000f6e       0x74 build/os/tpl_os_interrupt_kernel.c.o
                0x00000f6e                tpl_resume_os_interrupts_service
 .text.tpl_terminate_isr2_service
                0x00000fe2        0xa build/os/tpl_os_interrupt_kernel.c.o
                0x00000fe2                tpl_terminate_isr2_service
 .text.tpl_activate_task_service
                0x00000fec       0x2c build/os/tpl_os_task_kernel.c.o
                0x00000fec                tpl_activate_task_service
 .text.tpl_terminate_task_service
                0x00001018       0x2e build/os/tpl_os_task_kernel.c.o
                0x00001018                tpl_terminate_task_service
 .text.tpl_chain_task_service
                0x00001046       0x52 build/os/tpl_os_task_kernel.c.o
                0x00001046                tpl_chain_task_service
 .text.tpl_schedule_service
                0x00001098       0x4c build/os/tpl_os_task_kernel.c.o
                0x00001098                tpl_schedule_service
 .text.tpl_get_task_id_service
                0x000010e4       0x44 build/os/tpl_os_task_kernel.c.o
                0x000010e4                tpl_get_task_id_service
 .text.tpl_get_task_state_service
                0x00001128       0x42 build/os/tpl_os_task_kernel.c.o
                0x00001128                tpl_get_task_state_service
 .text.tpl_release_all_resources
                0x0000116a       0x36 build/os/tpl_os_resource_kernel.c.o
                0x0000116a                tpl_release_all_resources
 .text.tpl_get_resource_service
                0x000011a0       0x76 build/os/tpl_os_resource_kernel.c.o
                0x000011a0                tpl_get_resource_service
 .text.tpl_release_resource_service
                0x00001216       0x60 build/os/tpl_os_resource_kernel.c.o
                0x00001216                tpl_release_resource_service
 .text.tpl_set_event_service
                0x00001276       0x36 build/os/tpl_os_event_kernel.c.o
                0x00001276                tpl_set_event_service
 .text.tpl_clear_event_service
                0x000012ac       0x38 build/os/tpl_os_event_kernel.c.o
                0x000012ac                tpl_clear_event_service
 .text.tpl_get_event_service
                0x000012e4       0x40 build/os/tpl_os_event_kernel.c.o
                0x000012e4                tpl_get_event_service
 .text.tpl_wait_event_service
                0x00001324       0x42 build/os/tpl_os_event_kernel.c.o
                0x00001324                tpl_wait_event_service
 .text.tpl_raise_alarm
                0x00001366       0x12 build/os/tpl_os_alarm_kernel.c.o
                0x00001366                tpl_raise_alarm
 .text.tpl_get_alarm_base_service
                0x00001378       0x82 build/os/tpl_os_alarm_kernel.c.o
                0x00001378                tpl_get_alarm_base_service
 .text.tpl_get_alarm_service
                0x000013fa       0xa0 build/os/tpl_os_alarm_kernel.c.o
                0x000013fa                tpl_get_alarm_service
 .text.tpl_set_rel_alarm_service
                0x0000149a       0xe4 build/os/tpl_os_alarm_kernel.c.o
                0x0000149a                tpl_set_rel_alarm_service
 .text.tpl_set_abs_alarm_service
                0x0000157e       0x90 build/os/tpl_os_alarm_kernel.c.o
                0x0000157e                tpl_set_abs_alarm_service
 .text.tpl_cancel_alarm_service
                0x0000160e       0x42 build/os/tpl_os_alarm_kernel.c.o
                0x0000160e                tpl_cancel_alarm_service
 .text.mdelay   0x00001650       0xac build/bsw.cpp.o
                0x00001650                mdelay
 .text.printfSerial
                0x000016fc       0x52 build/bsw.cpp.o
                0x000016fc                printfSerial
 .text._Z9timerInitv
                0x0000174e       0x22 build/bsw.cpp.o
                0x0000174e                _Z9timerInitv
 .text.setup    0x00001770       0x4e build/bsw.cpp.o
                0x00001770                setup
 .text.TaskH_function
                0x000017be       0xc6 build/asw.c.o
                0x000017be                TaskH_function
 .text.TaskL_function
                0x00001884       0xc6 build/asw.c.o
                0x00001884                TaskL_function
 .text.TickPrint_function
                0x0000194a       0xa6 build/asw.c.o
                0x0000194a                TickPrint_function
 .text.InitMutex
                0x000019f0       0x12 build/mutex.c.o
                0x000019f0                InitMutex
 .text.__vector_9
                0x00001a02       0x4c build/conf/tpl_app_config.c.o
                0x00001a02                __vector_9
 .text.trampolineSystemCounter
                0x00001a4e        0x8 build/conf/tpl_app_config.c.o
                0x00001a4e                trampolineSystemCounter
 .text.tpl_init_external_interrupts
                0x00001a56        0x2 build/conf/tpl_interrupts.c.o
                0x00001a56                tpl_init_external_interrupts
 .text.pinMode  0x00001a58       0x74 build/machines/avr/arduino/cores/arduino/wiring_digital.c.o
                0x00001a58                pinMode
 .text.__vector_16
                0x00001acc       0xb0 build/machines/avr/arduino/cores/arduino/wiring.c.o
                0x00001acc                __vector_16
 .text.millis   0x00001b7c       0x18 build/machines/avr/arduino/cores/arduino/wiring.c.o
                0x00001b7c                millis
 .text.init     0x00001b94       0x6a build/machines/avr/arduino/cores/arduino/wiring.c.o
                0x00001b94                init
 .text.idle_function
                0x00001bfe        0x2 build/machines/avr/tpl_machine.c.o
                0x00001bfe                idle_function
 .text.tpl_shutdown
                0x00001c00        0x2 build/machines/avr/tpl_machine.c.o
                0x00001c00                tpl_shutdown
 .text.tpl_init_context
                0x00001c02       0x98 build/machines/avr/tpl_machine.c.o
                0x00001c02                tpl_init_context
 .text.tpl_init_machine
                0x00001c9a        0x2 build/machines/avr/tpl_machine.c.o
                0x00001c9a                tpl_init_machine
 .text.tpl_enable_interrupts
                0x00001c9c        0x4 build/machines/avr/tpl_machine.c.o
                0x00001c9c                tpl_enable_interrupts
 .text.tpl_disable_interrupts
                0x00001ca0        0x4 build/machines/avr/tpl_machine.c.o
                0x00001ca0                tpl_disable_interrupts
 .text.tpl_enable_os_interrupts
                0x00001ca4        0x4 build/machines/avr/tpl_machine.c.o
                0x00001ca4                tpl_enable_os_interrupts
 .text.tpl_disable_os_interrupts
                0x00001ca8        0x4 build/machines/avr/tpl_machine.c.o
                0x00001ca8                tpl_disable_os_interrupts
 .text.initVariant
                0x00001cac        0x2 build/machines/avr/arduino/cores/arduino/main.cpp.o
                0x00001cac                initVariant
 .text.startup.main
                0x00001cae       0x1e build/machines/avr/arduino/cores/arduino/main.cpp.o
                0x00001cae                main
 .text.startup._GLOBAL__sub_I__Z10SetAppModea
                0x00001ccc        0xa build/machines/avr/arduino/cores/arduino/main.cpp.o
 .text._ZL7nothingv
                0x00001cd6        0x2 build/machines/avr/arduino/cores/arduino/WInterrupts.c.o
 .text.__vector_1
                0x00001cd8       0x4e build/machines/avr/arduino/cores/arduino/WInterrupts.c.o
                0x00001cd8                __vector_1
 .text.__vector_2
                0x00001d26       0x4e build/machines/avr/arduino/cores/arduino/WInterrupts.c.o
                0x00001d26                __vector_2
 .text._ZN5Print5writeEPKhj
                0x00001d74       0x72 build/machines/avr/arduino/cores/arduino/Print.cpp.o
                0x00001d74                _ZN5Print5writeEPKhj
 .text._ZN5Print5writeEPKc
                0x00001de6       0x26 build/machines/avr/arduino/cores/arduino/Print.cpp.o
                0x00001de6                _ZN5Print5writeEPKc
 .text._ZN5Print5printEPKc
                0x00001e0c        0x4 build/machines/avr/arduino/cores/arduino/Print.cpp.o
                0x00001e0c                _ZN5Print5printEPKc
 .text.__vector_18
                0x00001e10       0x5a build/machines/avr/arduino/cores/arduino/HardwareSerial0.cpp.o
                0x00001e10                __vector_18
 .text.__vector_19
                0x00001e6a       0x4c build/machines/avr/arduino/cores/arduino/HardwareSerial0.cpp.o
                0x00001e6a                __vector_19
 .text.startup._GLOBAL__sub_I___vector_18
                0x00001eb6       0x4a build/machines/avr/arduino/cores/arduino/HardwareSerial0.cpp.o
 .text._ZN14HardwareSerial9availableEv
                0x00001f00       0x18 build/machines/avr/arduino/cores/arduino/HardwareSerial.cpp.o
                0x00001f00                _ZN14HardwareSerial9availableEv
 .text._ZN14HardwareSerial4peekEv
                0x00001f18       0x1c build/machines/avr/arduino/cores/arduino/HardwareSerial.cpp.o
                0x00001f18                _ZN14HardwareSerial4peekEv
 .text._ZN14HardwareSerial4readEv
                0x00001f34       0x28 build/machines/avr/arduino/cores/arduino/HardwareSerial.cpp.o
                0x00001f34                _ZN14HardwareSerial4readEv
 .text._ZN14HardwareSerial17availableForWriteEv
                0x00001f5c       0x1a build/machines/avr/arduino/cores/arduino/HardwareSerial.cpp.o
                0x00001f5c                _ZN14HardwareSerial17availableForWriteEv
 .text._ZN14HardwareSerial17_tx_udr_empty_irqEv
                0x00001f76       0x40 build/machines/avr/arduino/cores/arduino/HardwareSerial.cpp.o
                0x00001f76                _ZN14HardwareSerial17_tx_udr_empty_irqEv
 .text._ZN14HardwareSerial5flushEv
                0x00001fb6       0x44 build/machines/avr/arduino/cores/arduino/HardwareSerial.cpp.o
                0x00001fb6                _ZN14HardwareSerial5flushEv
 .text._ZN14HardwareSerial5writeEh
                0x00001ffa       0x96 build/machines/avr/arduino/cores/arduino/HardwareSerial.cpp.o
                0x00001ffa                _ZN14HardwareSerial5writeEh
 .text._ZN14HardwareSerial5beginEmh
                0x00002090       0xe8 build/machines/avr/arduino/cores/arduino/HardwareSerial.cpp.o
                0x00002090                _ZN14HardwareSerial5beginEmh
 .text.avr-libc
                0x00002178       0x12 C:/msys64/ucrt64/bin/../lib/gcc/avr/15.2.0/../../../../avr/lib/avr5\libc.a(strlen.o)
                0x00002178                strlen
 .text.avr-libc
                0x0000218a       0x5a C:/msys64/ucrt64/bin/../lib/gcc/avr/15.2.0/../../../../avr/lib/avr5\libc.a(vsnprintf.o)
                0x0000218a                vsnprintf
 .text.vfprintf
                0x000021e4      0x3ca C:/msys64/ucrt64/bin/../lib/gcc/avr/15.2.0/../../../../avr/lib/avr5\libc.a(vfprintf_std.o)
                0x000021e4                vfprintf
 .text.avr-libc
                0x000025ae       0x16 C:/msys64/ucrt64/bin/../lib/gcc/avr/15.2.0/../../../../avr/lib/avr5\libc.a(strnlen_P.o)
                0x000025ae                strnlen_P
 .text.avr-libc
                0x000025c4       0x16 C:/msys64/ucrt64/bin/../lib/gcc/avr/15.2.0/../../../../avr/lib/avr5\libc.a(strnlen.o)
                0x000025c4                strnlen
 .text.avr-libc
                0x000025da       0x82 C:/msys64/ucrt64/bin/../lib/gcc/avr/15.2.0/../../../../avr/lib/avr5\libc.a(fputc.o)
                0x000025da                fputc
 .text.avr-libc
                0x0000265c       0xbc C:/msys64/ucrt64/bin/../lib/gcc/avr/15.2.0/../../../../avr/lib/avr5\libc.a(ultoa_invert.o)
                0x0000265c                __ultoa_invert
 .text.libgcc.div
                0x00002718       0x44 C:/msys64/ucrt64/bin/../lib/gcc/avr/15.2.0/avr5\libgcc.a(_udivmodsi4.o)
                0x00002718                __udivmodsi4
 .text.libgcc.div
                0x0000275c       0x10 C:/msys64/ucrt64/bin/../lib/gcc/avr/15.2.0/avr5\libgcc.a(_negsi2.o)
                0x0000275c                __negsi2
 .text.libgcc.prologue
                0x0000276c       0x38 C:/msys64/ucrt64/bin/../lib/gcc/avr/15.2.0/avr5\libgcc.a(_prologue.o)
                0x0000276c                __prologue_saves__
 .text.libgcc.prologue
                0x000027a4       0x36 C:/msys64/ucrt64/bin/../lib/gcc/avr/15.2.0/avr5\libgcc.a(_epilogue.o)
                0x000027a4                __epilogue_restores__
 .text.libgcc   0x000027da        0xc C:/msys64/ucrt64/bin/../lib/gcc/avr/15.2.0/avr5\libgcc.a(_tablejump2.o)
                0x000027da                __tablejump2__
                0x000027e6                        . = ALIGN (0x2)
 *(.fini9)
 .fini9         0x000027e6        0x0 C:/msys64/ucrt64/bin/../lib/gcc/avr/15.2.0/avr5\libgcc.a(_exit.o)
                0x000027e6                _exit
                0x000027e6                exit
 *(.fini9)
 *(.fini8)
 *(.fini8)
 *(.fini7)
 *(.fini7)
 *(.fini6)
 *(.fini6)
 *(.fini5)
 *(.fini5)
 *(.fini4)
 .fini4         0x000027e6        0x0 C:/msys64/ucrt64/bin/../lib/gcc/avr/15.2.0/../../../../avr/lib/avr5\libc.a(_abort.o)
                0x000027e6                __abort
 *(.fini4)
 *(.fini3)
 *(.fini3)
 *(.fini2)
 *(.fini2)
 *(.fini1)
 *(.fini1)
 *(.fini0)
 .fini0         0x000027e6        0x4 C:/msys64/ucrt64/bin/../lib/gcc/avr/15.2.0/avr5\libgcc.a(_exit.o)
 *(.fini0)
 *(.hightext)
 *(.hightext*)
 *(.progmemx)
 *(.progmemx.*)
                0x000027ea                        . = ALIGN (0x2)
 *(.jumptables)
 *(.jumptables*)
                0x000027ea                        _etext = .

.data           0x00800100      0x2f8 load address 0x000027ea
                0x00800100                        PROVIDE (__data_start = .)
 *(.data)
 .data          0x00800100       0x68 build/machines/avr/tpl_dispatch.S.o
                0x00800100                tpl_reentrancy_counter
 *(.data*)
 .data.application_mode
                0x00800168        0x1 build/os/tpl_os_os_kernel.c.o
 .data.c.0      0x00800169        0x4 build/asw.c.o
 .data.tpl_kern
                0x0080016d       0x12 build/conf/tpl_app_config.c.o
                0x0080016d                tpl_kern
 .data.TimerAlarm_alarm_desc
                0x0080017f        0xf build/conf/tpl_app_config.c.o
                0x0080017f                TimerAlarm_alarm_desc
 .data.TickPrint_task_desc
                0x0080018e        0x5 build/conf/tpl_app_config.c.o
                0x0080018e                TickPrint_task_desc
 .data.TaskH_task_desc
                0x00800193        0x5 build/conf/tpl_app_config.c.o
                0x00800193                TaskH_task_desc
 .data.TaskL_task_desc
                0x00800198        0x5 build/conf/tpl_app_config.c.o
                0x00800198                TaskL_task_desc
 .data.SystemCounter_counter_desc
                0x0080019d       0x18 build/conf/tpl_app_config.c.o
                0x0080019d                SystemCounter_counter_desc
 .data.DefaultTimer_counter_desc
                0x008001b5       0x18 build/conf/tpl_app_config.c.o
                0x008001b5                DefaultTimer_counter_desc
 .data.res_sched_rez_desc
                0x008001cd        0x5 build/conf/tpl_app_config.c.o
                0x008001cd                res_sched_rez_desc
 .data.S1_rez_desc
                0x008001d2        0x5 build/conf/tpl_app_config.c.o
                0x008001d2                S1_rez_desc
 .data.S2_rez_desc
                0x008001d7        0x5 build/conf/tpl_app_config.c.o
                0x008001d7                S2_rez_desc
 .data._ZL7intFunc
                0x008001dc        0x4 build/machines/avr/arduino/cores/arduino/WInterrupts.c.o
 *(.gnu.linkonce.d*)
 *(.rodata)
 *(.rodata*)
 .rodata.INVALID_TASK
                0x008001e0        0x1 build/os/tpl_os_kernel.c.o
                0x008001e0                INVALID_TASK
 .rodata.setup.str1.1
                0x008001e1      0x165 build/bsw.cpp.o
                                 0x34 (size before relaxing)
 .rodata.TaskH_function.str1.1
                0x00800346        0x0 build/asw.c.o
                                 0xaa (size before relaxing)
 .rodata.TaskL_function.str1.1
                0x00800346        0x0 build/asw.c.o
                                 0x90 (size before relaxing)
 .rodata.TickPrint_function.str1.1
                0x00800346        0x0 build/asw.c.o
                                  0x8 (size before relaxing)
 .rodata.tpl_alarm_table
                0x00800346        0x2 build/conf/tpl_app_config.c.o
                0x00800346                tpl_alarm_table
 .rodata.TimerAlarm_static
                0x00800348        0x6 build/conf/tpl_app_config.c.o
                0x00800348                TimerAlarm_static
 .rodata.TimerAlarm_action
                0x0080034e        0x3 build/conf/tpl_app_config.c.o
                0x0080034e                TimerAlarm_action
 .rodata.tpl_task_events_table
                0x00800351        0x4 build/conf/tpl_app_config.c.o
                0x00800351                tpl_task_events_table
 .rodata.tpl_dyn_proc_table
                0x00800355        0x8 build/conf/tpl_app_config.c.o
                0x00800355                tpl_dyn_proc_table
 .rodata.tpl_stat_proc_table
                0x0080035d        0x8 build/conf/tpl_app_config.c.o
                0x0080035d                tpl_stat_proc_table
 .rodata.TickPrint_task_stat_desc
                0x00800365        0xe build/conf/tpl_app_config.c.o
                0x00800365                TickPrint_task_stat_desc
 .rodata.TaskH_task_stat_desc
                0x00800373        0xe build/conf/tpl_app_config.c.o
                0x00800373                TaskH_task_stat_desc
 .rodata.TaskL_task_stat_desc
                0x00800381        0xe build/conf/tpl_app_config.c.o
                0x00800381                TaskL_task_stat_desc
 .rodata.IDLE_TASK_task_stat_desc
                0x0080038f        0xe build/conf/tpl_app_config.c.o
                0x0080038f                IDLE_TASK_task_stat_desc
 .rodata.tpl_resource_table
                0x0080039d        0x6 build/conf/tpl_app_config.c.o
                0x0080039d                tpl_resource_table
 .rodata.TaskH  0x008003a3        0x1 build/conf/tpl_app_config.c.o
                0x008003a3                TaskH
 .rodata.TaskL  0x008003a4        0x1 build/conf/tpl_app_config.c.o
                0x008003a4                TaskL
 .rodata.S1     0x008003a5        0x1 build/conf/tpl_app_config.c.o
                0x008003a5                S1
 .rodata.S2     0x008003a6        0x1 build/conf/tpl_app_config.c.o
                0x008003a6                S2
 .rodata.Event2
                0x008003a7        0x1 build/conf/tpl_app_config.c.o
                0x008003a7                Event2
 .rodata.Event1
                0x008003a8        0x1 build/conf/tpl_app_config.c.o
                0x008003a8                Event1
 .rodata.tpl_alarm_app_mode
                0x008003a9        0x1 build/conf/tpl_app_config.c.o
                0x008003a9                tpl_alarm_app_mode
 .rodata.tpl_task_app_mode
                0x008003aa        0x3 build/conf/tpl_app_config.c.o
                0x008003aa                tpl_task_app_mode
 .rodata.OSDEFAULTAPPMODE
                0x008003ad        0x1 build/conf/tpl_app_config.c.o
                0x008003ad                OSDEFAULTAPPMODE
 .rodata.tpl_dispatch_table
                0x008003ae       0x38 build/conf/tpl_dispatch_table.c.o
                0x008003ae                tpl_dispatch_table
 .rodata._ZTV14HardwareSerial
                0x008003e6       0x12 build/machines/avr/arduino/cores/arduino/HardwareSerial.cpp.o
                0x008003e6                _ZTV14HardwareSerial
 *(.gnu.linkonce.r*)
                0x008003f8                        . = ALIGN (0x2)
                0x008003f8                        _edata = .
                0x008003f8                        PROVIDE (__data_end = .)

.bss            0x008003f8      0x43b
                0x008003f8                        PROVIDE (__bss_start = .)
 *(.bss)
 *(.bss*)
 .bss.alarm_callback_running
                0x008003f8        0x1 build/os/tpl_os_kernel.c.o
 .bss.tpl_counters_enabled
                0x008003f9        0x1 build/os/tpl_os_timeobj_kernel.c.o
 .bss.tpl_cpt_os_task_lock
                0x008003fa        0x4 build/os/tpl_os_interrupt_kernel.c.o
                0x008003fa                tpl_cpt_os_task_lock
 .bss.tpl_cpt_user_task_lock_OS
                0x008003fe        0x4 build/os/tpl_os_interrupt_kernel.c.o
                0x008003fe                tpl_cpt_user_task_lock_OS
 .bss.tpl_cpt_user_task_lock_All
                0x00800402        0x4 build/os/tpl_os_interrupt_kernel.c.o
                0x00800402                tpl_cpt_user_task_lock_All
 .bss.tpl_user_task_lock
                0x00800406        0x1 build/os/tpl_os_interrupt_kernel.c.o
                0x00800406                tpl_user_task_lock
 .bss.tpl_locking_depth
                0x00800407        0x4 build/os/tpl_os_interrupt_kernel.c.o
                0x00800407                tpl_locking_depth
 .bss.s2        0x0080040b        0x6 build/asw.c.o
                0x0080040b                s2
 .bss.s1        0x00800411        0x6 build/asw.c.o
                0x00800411                s1
 .bss.tpl_tail_for_prio
                0x00800417        0x6 build/conf/tpl_app_config.c.o
                0x00800417                tpl_tail_for_prio
 .bss.tpl_ready_list
                0x0080041d        0xe build/conf/tpl_app_config.c.o
                0x0080041d                tpl_ready_list
 .bss.TickPrint_int_context
                0x0080042b        0x2 build/conf/tpl_app_config.c.o
                0x0080042b                TickPrint_int_context
 .bss.TickPrint_stack_zone
                0x0080042d      0x100 build/conf/tpl_app_config.c.o
                0x0080042d                TickPrint_stack_zone
 .bss.TaskH_task_evts
                0x0080052d        0x2 build/conf/tpl_app_config.c.o
                0x0080052d                TaskH_task_evts
 .bss.TaskH_int_context
                0x0080052f        0x2 build/conf/tpl_app_config.c.o
                0x0080052f                TaskH_int_context
 .bss.TaskH_stack_zone
                0x00800531      0x100 build/conf/tpl_app_config.c.o
                0x00800531                TaskH_stack_zone
 .bss.TaskL_task_evts
                0x00800631        0x2 build/conf/tpl_app_config.c.o
                0x00800631                TaskL_task_evts
 .bss.TaskL_int_context
                0x00800633        0x2 build/conf/tpl_app_config.c.o
                0x00800633                TaskL_int_context
 .bss.TaskL_stack_zone
                0x00800635      0x100 build/conf/tpl_app_config.c.o
                0x00800635                TaskL_stack_zone
 .bss.IDLE_TASK_task_desc
                0x00800735        0x5 build/conf/tpl_app_config.c.o
                0x00800735                IDLE_TASK_task_desc
 .bss.IDLE_TASK_int_context
                0x0080073a        0x2 build/conf/tpl_app_config.c.o
                0x0080073a                IDLE_TASK_int_context
 .bss.IDLE_TASK_stack_zone
                0x0080073c       0x50 build/conf/tpl_app_config.c.o
                0x0080073c                IDLE_TASK_stack_zone
 .bss.timer0_fract
                0x0080078c        0x1 build/machines/avr/arduino/cores/arduino/wiring.c.o
 .bss.timer0_millis
                0x0080078d        0x4 build/machines/avr/arduino/cores/arduino/wiring.c.o
                0x0080078d                timer0_millis
 .bss.timer0_overflow_count
                0x00800791        0x4 build/machines/avr/arduino/cores/arduino/wiring.c.o
                0x00800791                timer0_overflow_count
 .bss._ZL9__appMode
                0x00800795        0x1 build/machines/avr/arduino/cores/arduino/main.cpp.o
 .bss.Serial    0x00800796       0x9d build/machines/avr/arduino/cores/arduino/HardwareSerial0.cpp.o
                0x00800796                Serial
 *(COMMON)
                0x00800833                        PROVIDE (__bss_end = .)
                0x000027ea                        __data_load_start = LOADADDR (.data)
                0x00002ae2                        __data_load_end = (__data_load_start + SIZEOF (.data))

.noinit         0x00800833        0x0
                [!provide]                        PROVIDE (__noinit_start = .)
 *(.noinit .noinit.* .gnu.linkonce.n.*)
                [!provide]                        PROVIDE (__noinit_end = .)
                0x00800833                        _end = .
                0x00800833                        PROVIDE (__heap_start = .)
                0x00000000                        __flmap_init_label = DEFINED (__flmap_noinit_start)?__flmap_noinit_start:0x0
                0x00000000                        __flmap = DEFINED (__flmap)?__flmap:0x0

.eeprom         0x00810000        0x0
 *(.eeprom*)
                0x00810000                        __eeprom_end = .

.fuse
 *(.fuse)
 *(.lfuse)
 *(.hfuse)
 *(.efuse)

.lock
 *(.lock*)

.signature
 *(.signature*)

.stab
 *(.stab)

.stabstr
 *(.stabstr)

.stab.excl
 *(.stab.excl)

.stab.exclstr
 *(.stab.exclstr)

.stab.index
 *(.stab.index)

.stab.indexstr
 *(.stab.indexstr)

.comment        0x00000000       0x12
 *(.comment)
 .comment       0x00000000       0x12 build/os/tpl_os_kernel.c.o
                                 0x13 (size before relaxing)
 .comment       0x00000012        0x0 build/os/tpl_os_timeobj_kernel.c.o
                                 0x13 (size before relaxing)
 .comment       0x00000012        0x0 build/os/tpl_os_action.c.o
                                 0x13 (size before relaxing)
 .comment       0x00000012        0x0 build/os/tpl_os_os_kernel.c.o
                                 0x13 (size before relaxing)
 .comment       0x00000012        0x0 build/os/tpl_os_os.c.o
                                 0x13 (size before relaxing)
 .comment       0x00000012        0x0 build/os/tpl_os_interrupt_kernel.c.o
                                 0x13 (size before relaxing)
 .comment       0x00000012        0x0 build/os/tpl_os_task_kernel.c.o
                                 0x13 (size before relaxing)
 .comment       0x00000012        0x0 build/os/tpl_os_resource_kernel.c.o
                                 0x13 (size before relaxing)
 .comment       0x00000012        0x0 build/os/tpl_os_event_kernel.c.o
                                 0x13 (size before relaxing)
 .comment       0x00000012        0x0 build/os/tpl_os_alarm_kernel.c.o
                                 0x13 (size before relaxing)
 .comment       0x00000012        0x0 build/bsw.cpp.o
                                 0x13 (size before relaxing)
 .comment       0x00000012        0x0 build/asw.c.o
                                 0x13 (size before relaxing)
 .comment       0x00000012        0x0 build/mutex.c.o
                                 0x13 (size before relaxing)
 .comment       0x00000012        0x0 build/conf/tpl_app_config.c.o
                                 0x13 (size before relaxing)
 .comment       0x00000012        0x0 build/conf/tpl_dispatch_table.c.o
                                 0x13 (size before relaxing)
 .comment       0x00000012        0x0 build/conf/tpl_interrupts.c.o
                                 0x13 (size before relaxing)
 .comment       0x00000012        0x0 build/machines/avr/arduino/cores/arduino/wiring_digital.c.o
                                 0x13 (size before relaxing)
 .comment       0x00000012        0x0 build/machines/avr/arduino/cores/arduino/wiring.c.o
                                 0x13 (size before relaxing)
 .comment       0x00000012        0x0 build/machines/avr/tpl_machine.c.o
                                 0x13 (size before relaxing)
 .comment       0x00000012        0x0 build/machines/avr/arduino/cores/arduino/main.cpp.o
                                 0x13 (size before relaxing)
 .comment       0x00000012        0x0 build/machines/avr/arduino/cores/arduino/WInterrupts.c.o
                                 0x13 (size before relaxing)
 .comment       0x00000012        0x0 build/machines/avr/arduino/cores/arduino/Print.cpp.o
                                 0x13 (size before relaxing)
 .comment       0x00000012        0x0 build/machines/avr/arduino/cores/arduino/HardwareSerial0.cpp.o
                                 0x13 (size before relaxing)
 .comment       0x00000012        0x0 build/machines/avr/arduino/cores/arduino/HardwareSerial.cpp.o
                                 0x13 (size before relaxing)
 .comment       0x00000012        0x0 C:/msys64/ucrt64/bin/../lib/gcc/avr/15.2.0/../../../../avr/lib/avr5\libc.a(vsnprintf.o)
                                 0x13 (size before relaxing)
 .comment       0x00000012        0x0 C:/msys64/ucrt64/bin/../lib/gcc/avr/15.2.0/../../../../avr/lib/avr5\libc.a(vfprintf_std.o)
                                 0x13 (size before relaxing)
 .comment       0x00000012        0x0 C:/msys64/ucrt64/bin/../lib/gcc/avr/15.2.0/../../../../avr/lib/avr5\libc.a(fputc.o)
                                 0x13 (size before relaxing)

.note.gnu.avr.deviceinfo
                0x00000000       0x40
 .note.gnu.avr.deviceinfo
                0x00000000       0x40 C:/msys64/ucrt64/bin/../lib/gcc/avr/15.2.0/../../../../avr/lib/avr5/crtatmega328p.o

.gnu.build.attributes
 *(.gnu.build.attributes .gnu.build.attributes.*)

.note.gnu.build-id
 *(.note.gnu.build-id)

.debug
 *(.debug)

.line
 *(.line)

.debug_srcinfo
 *(.debug_srcinfo)

.debug_sfnames
 *(.debug_sfnames)

.debug_aranges
 *(.debug_aranges)

.debug_pubnames
 *(.debug_pubnames)

.debug_info     0x00000000      0x5f4
 *(.debug_info .gnu.linkonce.wi.*)
 .debug_info    0x00000000      0x5f4 C:/msys64/ucrt64/bin/../lib/gcc/avr/15.2.0/../../../../avr/lib/avr5/crtatmega328p.o

.debug_abbrev   0x00000000      0x5a2
 *(.debug_abbrev)
 .debug_abbrev  0x00000000      0x5a2 C:/msys64/ucrt64/bin/../lib/gcc/avr/15.2.0/../../../../avr/lib/avr5/crtatmega328p.o

.debug_line     0x00000000       0x1d
 *(.debug_line .debug_line.* .debug_line_end)
 .debug_line    0x00000000       0x1d C:/msys64/ucrt64/bin/../lib/gcc/avr/15.2.0/../../../../avr/lib/avr5/crtatmega328p.o

.debug_frame
 *(.debug_frame)

.debug_str      0x00000000      0x208
 *(.debug_str)
 .debug_str     0x00000000      0x208 C:/msys64/ucrt64/bin/../lib/gcc/avr/15.2.0/../../../../avr/lib/avr5/crtatmega328p.o

.debug_loc
 *(.debug_loc)

.debug_macinfo
 *(.debug_macinfo)

.debug_weaknames
 *(.debug_weaknames)

.debug_funcnames
 *(.debug_funcnames)

.debug_typenames
 *(.debug_typenames)

.debug_varnames
 *(.debug_varnames)

.debug_pubtypes
 *(.debug_pubtypes)

.debug_ranges
 *(.debug_ranges)

.debug_addr
 *(.debug_addr)

.debug_line_str
 *(.debug_line_str)

.debug_loclists
 *(.debug_loclists)

.debug_macro
 *(.debug_macro)

.debug_names
 *(.debug_names)

.debug_rnglists
 *(.debug_rnglists)

.debug_str_offsets
 *(.debug_str_offsets)

.debug_sup
 *(.debug_sup)
OUTPUT(base elf32-avr)
LOAD linker stubs
